Archive member included to satisfy reference by file (symbol)

/usr/lib/gcc/arm-none-eabi/13.2.1/../../../arm-none-eabi/lib/thumb/v8-m.main+fp/softfp/libc_nano.a(libc_a-assert.o)
                              ././build/mx95evk/fsl_bbnsm.o (__assert_func)
/usr/lib/gcc/arm-none-eabi/13.2.1/../../../arm-none-eabi/lib/thumb/v8-m.main+fp/softfp/libc_nano.a(libc_a-strlen-stub.o)
                              ././build/mx95evk/monitor.o (strlen)
/usr/lib/gcc/arm-none-eabi/13.2.1/../../../arm-none-eabi/lib/thumb/v8-m.main+fp/softfp/libc_nano.a(libc_a-impure.o)
                              ././build/mx95evk/sm.o (_impure_ptr)
/usr/lib/gcc/arm-none-eabi/13.2.1/../../../arm-none-eabi/lib/thumb/v8-m.main+fp/softfp/libc_nano.a(libc_a-strtoul.o)
                              ././build/mx95evk/monitor.o (strtoul)
/usr/lib/gcc/arm-none-eabi/13.2.1/../../../arm-none-eabi/lib/thumb/v8-m.main+fp/softfp/libc_nano.a(libc_a-init.o)
                              /usr/lib/gcc/arm-none-eabi/13.2.1/../../../arm-none-eabi/lib/thumb/v8-m.main+fp/softfp/crt0.o (__libc_init_array)
/usr/lib/gcc/arm-none-eabi/13.2.1/../../../arm-none-eabi/lib/thumb/v8-m.main+fp/softfp/libc_nano.a(libc_a-strncasecmp.o)
                              ././build/mx95evk/monitor.o (strncasecmp)
/usr/lib/gcc/arm-none-eabi/13.2.1/../../../arm-none-eabi/lib/thumb/v8-m.main+fp/softfp/libc_nano.a(libc_a-abort.o)
                              /usr/lib/gcc/arm-none-eabi/13.2.1/../../../arm-none-eabi/lib/thumb/v8-m.main+fp/softfp/libc_nano.a(libc_a-assert.o) (abort)
/usr/lib/gcc/arm-none-eabi/13.2.1/../../../arm-none-eabi/lib/thumb/v8-m.main+fp/softfp/libc_nano.a(libc_a-strtoull.o)
                              ././build/mx95evk/monitor.o (strtoull)
/usr/lib/gcc/arm-none-eabi/13.2.1/../../../arm-none-eabi/lib/thumb/v8-m.main+fp/softfp/libc_nano.a(libc_a-strcasecmp.o)
                              ././build/mx95evk/monitor.o (strcasecmp)
/usr/lib/gcc/arm-none-eabi/13.2.1/../../../arm-none-eabi/lib/thumb/v8-m.main+fp/softfp/libc_nano.a(libc_a-memset.o)
                              /usr/lib/gcc/arm-none-eabi/13.2.1/../../../arm-none-eabi/lib/thumb/v8-m.main+fp/softfp/crt0.o (memset)
/usr/lib/gcc/arm-none-eabi/13.2.1/../../../arm-none-eabi/lib/thumb/v8-m.main+fp/softfp/libc_nano.a(libc_a-errno.o)
                              ././build/mx95evk/monitor.o (__errno)
/usr/lib/gcc/arm-none-eabi/13.2.1/../../../arm-none-eabi/lib/thumb/v8-m.main+fp/softfp/libc_nano.a(libc_a-strtol.o)
                              ././build/mx95evk/monitor.o (strtol)
/usr/lib/gcc/arm-none-eabi/13.2.1/../../../arm-none-eabi/lib/thumb/v8-m.main+fp/softfp/libc_nano.a(libc_a-setvbuf.o)
                              ././build/mx95evk/sm.o (setvbuf)
/usr/lib/gcc/arm-none-eabi/13.2.1/../../../arm-none-eabi/lib/thumb/v8-m.main+fp/softfp/libc_nano.a(libc_a-memcpy.o)
                              ././build/mx95evk/rpc_scmi_misc.o (memcpy)
/usr/lib/gcc/arm-none-eabi/13.2.1/../../../arm-none-eabi/lib/thumb/v8-m.main+fp/softfp/libc_nano.a(libc_a-malloc.o)
                              /usr/lib/gcc/arm-none-eabi/13.2.1/../../../arm-none-eabi/lib/thumb/v8-m.main+fp/softfp/libc_nano.a(libc_a-setvbuf.o) (malloc)
/usr/lib/gcc/arm-none-eabi/13.2.1/../../../arm-none-eabi/lib/thumb/v8-m.main+fp/softfp/libc_nano.a(libc_a-fprintf.o)
                              /usr/lib/gcc/arm-none-eabi/13.2.1/../../../arm-none-eabi/lib/thumb/v8-m.main+fp/softfp/libc_nano.a(libc_a-assert.o) (fiprintf)
/usr/lib/gcc/arm-none-eabi/13.2.1/../../../arm-none-eabi/lib/thumb/v8-m.main+fp/softfp/libc_nano.a(libc_a-reent.o)
                              ././build/mx95evk/newlib_stubs.o (errno)
/usr/lib/gcc/arm-none-eabi/13.2.1/../../../arm-none-eabi/lib/thumb/v8-m.main+fp/softfp/libc_nano.a(libc_a-makebuf.o)
                              /usr/lib/gcc/arm-none-eabi/13.2.1/../../../arm-none-eabi/lib/thumb/v8-m.main+fp/softfp/libc_nano.a(libc_a-setvbuf.o) (__swhatbuf_r)
/usr/lib/gcc/arm-none-eabi/13.2.1/../../../arm-none-eabi/lib/thumb/v8-m.main+fp/softfp/libc_nano.a(libc_a-exit.o)
                              /usr/lib/gcc/arm-none-eabi/13.2.1/../../../arm-none-eabi/lib/thumb/v8-m.main+fp/softfp/crt0.o (exit)
/usr/lib/gcc/arm-none-eabi/13.2.1/../../../arm-none-eabi/lib/thumb/v8-m.main+fp/softfp/libc_nano.a(libc_a-ctype_.o)
                              /usr/lib/gcc/arm-none-eabi/13.2.1/../../../arm-none-eabi/lib/thumb/v8-m.main+fp/softfp/libc_nano.a(libc_a-strtoul.o) (_ctype_)
/usr/lib/gcc/arm-none-eabi/13.2.1/../../../arm-none-eabi/lib/thumb/v8-m.main+fp/softfp/libc_nano.a(libc_a-atexit.o)
                              /usr/lib/gcc/arm-none-eabi/13.2.1/../../../arm-none-eabi/lib/thumb/v8-m.main+fp/softfp/crt0.o (atexit)
/usr/lib/gcc/arm-none-eabi/13.2.1/../../../arm-none-eabi/lib/thumb/v8-m.main+fp/softfp/libc_nano.a(libc_a-printf.o)
                              ././build/mx95evk/fsl_ele.o (printf)
/usr/lib/gcc/arm-none-eabi/13.2.1/../../../arm-none-eabi/lib/thumb/v8-m.main+fp/softfp/libc_nano.a(libc_a-isattyr.o)
[...]
Memory Configuration

Name             Origin             Length             Attributes
m_interrupts     0x1ffc0000         0x00000800         xr
m_text           0x1ffc0800         0x00059800         xr
m_draminfo       0x2001a000         0x00010000         rw
m_data           0x2002a000         0x00013c00         rw
*default*        0x00000000         0xffffffff

Linker script and memory map

LOAD /usr/lib/gcc/arm-none-eabi/13.2.1/thumb/v8-m.main+fp/softfp/crti.o
LOAD /usr/lib/gcc/arm-none-eabi/13.2.1/thumb/v8-m.main+fp/softfp/crtbegin.o
LOAD /usr/lib/gcc/arm-none-eabi/13.2.1/../../../arm-none-eabi/lib/thumb/v8-m.main+fp/softfp/crt0.o
LOAD ././build/mx95evk/system_MIMX95_cm33.o
LOAD ././build/mx95evk/startup_MIMX95_cm33.o
LOAD ././build/mx95evk/hardware_init.o
LOAD ././build/mx95evk/pin_mux.o
LOAD ././build/mx95evk/fsl_ccm.o
LOAD ././build/mx95evk/fsl_clock.o
LOAD ././build/mx95evk/fsl_cpu.o
LOAD ././build/mx95evk/fsl_bbnsm.o
LOAD ././build/mx95evk/fsl_ele.o
LOAD ././build/mx95evk/fsl_fract_pll.o
LOAD ././build/mx95evk/fsl_fro.o
LOAD ././build/mx95evk/fsl_lpi2c.o
LOAD ././build/mx95evk/fsl_lpuart.o
LOAD ././build/mx95evk/fsl_mu.o
LOAD ././build/mx95evk/fsl_rgpio.o
LOAD ././build/mx95evk/fsl_power.o
LOAD ././build/mx95evk/fsl_reset.o
LOAD ././build/mx95evk/fsl_src.o
LOAD ././build/mx95evk/fsl_sysctr.o
LOAD ././build/mx95evk/fsl_systick.o
LOAD ././build/mx95evk/fsl_tmpsns.o
LOAD ././build/mx95evk/fsl_wdog32.o
LOAD ././build/mx95evk/fsl_cache.o
LOAD ././build/mx95evk/fsl_ddr.o
LOAD ././build/mx95evk/crc.o
LOAD ././build/mx95evk/fsl_ddr_rx_replica.o
LOAD ././build/mx95evk/dev_sm.o
LOAD ././build/mx95evk/dev_sm_common.o
LOAD ././build/mx95evk/dev_sm_handlers.o
LOAD ././build/mx95evk/dev_sm_config.o
LOAD ././build/mx95evk/dev_sm_power.o
LOAD ././build/mx95evk/dev_sm_system.o
LOAD ././build/mx95evk/dev_sm_mem.o
LOAD ././build/mx95evk/dev_sm_perf.o
LOAD ././build/mx95evk/dev_sm_clock.o
LOAD ././build/mx95evk/dev_sm_sensor.o
LOAD ././build/mx95evk/dev_sm_reset.o
LOAD ././build/mx95evk/dev_sm_voltage.o
LOAD ././build/mx95evk/dev_sm_bbm.o
LOAD ././build/mx95evk/dev_sm_cpu.o
LOAD ././build/mx95evk/dev_sm_pin.o
LOAD ././build/mx95evk/dev_sm_control.o
LOAD ././build/mx95evk/dev_sm_rom.o
LOAD ././build/mx95evk/dev_sm_rdc.o
LOAD ././build/mx95evk/dev_sm_fault.o
LOAD ././build/mx95evk/dev_sm_fuse.o
LOAD ././build/mx95evk/eMcem.o
LOAD ././build/mx95evk/eMcem_cVfccu_Irq.o
LOAD ././build/mx95evk/eMcem_Ddr.o
LOAD ././build/mx95evk/eMcem_DdrcChannels_MIMX9.o
LOAD ././build/mx95evk/eMcem_Eim.o
LOAD ././build/mx95evk/eMcem_EimChannels_MIMX95XX.o
LOAD ././build/mx95evk/eMcem_Erm.o
LOAD ././build/mx95evk/eMcem_ErmApi.o
LOAD ././build/mx95evk/eMcem_ErmChannels_MIMX95XX.o
LOAD ././build/mx95evk/eMcem_ExtDiagApi.o
LOAD ././build/mx95evk/eMcem_Lib_MIMX9.o
LOAD ././build/mx95evk/eMcem_Sramc.o
LOAD ././build/mx95evk/eMcem_SramcAddrCalc_MIMX9.o
LOAD ././build/mx95evk/eMcem_SramcChannels_MIMX9.o
LOAD ././build/mx95evk/eMcem_TestApi.o
LOAD ././build/mx95evk/eMcem_Vfccu.o
LOAD ././build/mx95evk/eMcem_Vfccu_MIMX95XX.o
LOAD ././build/mx95evk/eMcem_Cfg.o
LOAD ././build/mx95evk/eMcem_Stubs.o
LOAD ././build/mx95evk/sBase_Stubs.o
LOAD ././build/mx95evk/board.o
LOAD ././build/mx95evk/brd_sm.o
LOAD ././build/mx95evk/brd_sm_handlers.o
LOAD ././build/mx95evk/brd_sm_control.o
LOAD ././build/mx95evk/brd_sm_sensor.o
LOAD ././build/mx95evk/brd_sm_voltage.o
LOAD ././build/mx95evk/brd_sm_bbm.o
LOAD ././build/mx95evk/fsl_pcal6408a.o
LOAD ././build/mx95evk/fsl_pf09.o
LOAD ././build/mx95evk/fsl_pf53.o
LOAD ././build/mx95evk/fsl_pca2131.o
LOAD ././build/mx95evk/lmm.o
LOAD ././build/mx95evk/lmm_clock.o
LOAD ././build/mx95evk/lmm_config.o
LOAD ././build/mx95evk/lmm_perf.o
LOAD ././build/mx95evk/lmm_power.o
LOAD ././build/mx95evk/lmm_sys.o
LOAD ././build/mx95evk/lmm_sensor.o
LOAD ././build/mx95evk/lmm_reset.o
LOAD ././build/mx95evk/lmm_voltage.o
LOAD ././build/mx95evk/lmm_bbm.o
LOAD ././build/mx95evk/lmm_cpu.o
LOAD ././build/mx95evk/lmm_misc.o
LOAD ././build/mx95evk/lmm_fault.o
LOAD ././build/mx95evk/lmm_fusa.o
LOAD ././build/mx95evk/mb_mu.o
LOAD ././build/mx95evk/rpc_scmi.o
LOAD ././build/mx95evk/rpc_scmi_base.o
LOAD ././build/mx95evk/rpc_scmi_bbm.o
LOAD ././build/mx95evk/rpc_scmi_clock.o
LOAD ././build/mx95evk/rpc_scmi_config.o
LOAD ././build/mx95evk/rpc_scmi_cpu.o
LOAD ././build/mx95evk/rpc_scmi_lmm.o
LOAD ././build/mx95evk/rpc_scmi_misc.o
LOAD ././build/mx95evk/rpc_scmi_perf.o
LOAD ././build/mx95evk/rpc_scmi_pinctrl.o
LOAD ././build/mx95evk/rpc_scmi_power.o
LOAD ././build/mx95evk/rpc_scmi_sensor.o
LOAD ././build/mx95evk/rpc_scmi_reset.o
LOAD ././build/mx95evk/rpc_scmi_sys.o
LOAD ././build/mx95evk/rpc_scmi_voltage.o
LOAD ././build/mx95evk/rpc_scmi_fusa.o
LOAD ././build/mx95evk/rpc_smt.o
LOAD ././build/mx95evk/newlib_stubs.o
LOAD ././build/mx95evk/sm.o
LOAD ././build/mx95evk/config.o
LOAD ././build/mx95evk/monitor.o
LOAD ././build/mx95evk/monitor_cmds.o
LOAD ././build/mx95evk/monitor_trdc.o
LOAD /usr/lib/gcc/arm-none-eabi/13.2.1/thumb/v8-m.main+fp/softfp/libgcov.a
LOAD /usr/lib/gcc/arm-none-eabi/13.2.1/../../../arm-none-eabi/lib/thumb/v8-m.main+fp/softfp/libc_nano.a
LOAD /usr/lib/gcc/arm-none-eabi/13.2.1/thumb/v8-m.main+fp/softfp/libgcc.a
LOAD /usr/lib/gcc/arm-none-eabi/13.2.1/thumb/v8-m.main+fp/softfp/libgcov.a
LOAD /usr/lib/gcc/arm-none-eabi/13.2.1/thumb/v8-m.main+fp/softfp/crtend.o
LOAD /usr/lib/gcc/arm-none-eabi/13.2.1/thumb/v8-m.main+fp/softfp/crtn.o
                0x00001000                        HEAP_SIZE = DEFINED (__heap_size__)?__heap_size__:0x1000
                0x00001000                        STACK_SIZE = DEFINED (__stack_size__)?__stack_size__:0x1000
                0x00000000                        M_VECTOR_RAM_SIZE = DEFINED (__ram_vector_table__)?0x800:0x0

.interrupts     0x1ffc0000      0x620
                0x1ffc0000                        __VECTOR_TABLE = .
                0x1ffc0000                        __Vectors = .
                0x1ffc0000                        . = ALIGN (0x4)
 *(.isr_vector)
 .isr_vector    0x1ffc0000      0x620 ././build/mx95evk/startup_MIMX95_cm33.o
                0x1ffc0000                __isr_vector
                0x1ffc0620                        . = ALIGN (0x4)

.resource_table
                0x1ffc0800        0x0
                0x1ffc0800                        . = ALIGN (0x8)
 *(.resource_table)
                0x1ffc0800                        . = ALIGN (0x8)

.text           0x1ffc0800    0x2bfe8
                0x1ffc0800                        . = ALIGN (0x4)
 *(.text)
 .text          0x1ffc0800       0x8c /usr/lib/gcc/arm-none-eabi/13.2.1/thumb/v8-m.main+fp/softfp/crtbegin.o
 .text          0x1ffc088c       0x70 /usr/lib/gcc/arm-none-eabi/13.2.1/../../../arm-none-eabi/lib/thumb/v8-m.main+fp/softfp/crt0.o
                0x1ffc088c                _stack_init
                0x1ffc0894                _mainCRTStartup
                0x1ffc0894                _start
 .text          0x1ffc08fc      0x1b0 ././build/mx95evk/startup_MIMX95_cm33.o
                0x1ffc08fc                Reset_Handler
                0x1ffc09b4                Reserved18_IRQHandler
                0x1ffc09b4                DMA3_6_IRQHandler
                0x1ffc09b4                DMA5_42_43_IRQHandler
                0x1ffc09b4                Reserved331_IRQHandler
                0x1ffc09b4                DMA3_20_IRQHandler
                0x1ffc09b4                DMA5_22_23_IRQHandler
                0x1ffc09b4                Reserved16_IRQHandler
                0x1ffc09b4                Reserved179_IRQHandler
                0x1ffc09b4                DMA4_16_17_IRQHandler
                0x1ffc09b4                DebugMon_Handler
                0x1ffc09b4                Reserved220_IRQHandler
                0x1ffc09b4                Reserved322_IRQHandler
                0x1ffc09b4                DMA3_22_IRQHandler
                0x1ffc09b4                Reserved88_IRQHandler
                0x1ffc09b4                DMA3_17_IRQHandler
                0x1ffc09b4                Reserved315_IRQHandler
                0x1ffc09b4                DMA5_4_5_IRQHandler
                0x1ffc09b4                Reserved65_IRQHandler
                0x1ffc09b4                DMA5_24_25_IRQHandler
                0x1ffc09b4                Reserved229_IRQHandler
                0x1ffc09b4                DMA5_54_55_IRQHandler
                0x1ffc09b4                DMA4_48_49_IRQHandler
                0x1ffc09b4                Reserved347_IRQHandler
                0x1ffc09b4                DMA3_28_IRQHandler
                0x1ffc09b4                Reserved214_IRQHandler
                0x1ffc09b4                Reserved305_IRQHandler
                0x1ffc09b4                CAN5_IRQHandler
                0x1ffc09b4                DMA3_9_IRQHandler
                0x1ffc09b4                FlexSPI1_IRQHandler
                0x1ffc09b4                Reserved216_IRQHandler
                0x1ffc09b4                Reserved86_IRQHandler
                0x1ffc09b4                Reserved376_IRQHandler
                0x1ffc09b4                Reserved236_IRQHandler
                0x1ffc09b4                Reserved225_IRQHandler
                0x1ffc09b4                Reserved364_IRQHandler
                0x1ffc09b4                DISP_IRQSTEER4_IRQHandler
                0x1ffc09b4                Reserved308_IRQHandler
                0x1ffc09b4                Reserved334_IRQHandler
                0x1ffc09b4                DMA4_62_63_IRQHandler
                0x1ffc09b4                DMA5_58_59_IRQHandler
                0x1ffc09b4                LPIT2_IRQHandler
                0x1ffc09b4                LPSPI6_IRQHandler
                0x1ffc09b4                Reserved345_IRQHandler
                0x1ffc09b4                Reserved19_IRQHandler
                0x1ffc09b4                Reserved333_IRQHandler
                0x1ffc09b4                FCCU_INT1_IRQHandler
                0x1ffc09b4                CAN1_IRQHandler
                0x1ffc09b4                Reserved304_IRQHandler
                0x1ffc09b4                DMA4_22_23_IRQHandler
                0x1ffc09b4                LPTMR2_IRQHandler
                0x1ffc09b4                Reserved324_IRQHandler
                0x1ffc09b4                Reserved210_IRQHandler
                0x1ffc09b4                FLEXIO2_IRQHandler
                0x1ffc09b4                FLEXIO1_IRQHandler
                0x1ffc09b4                DMA3_12_IRQHandler
                0x1ffc09b4                Reserved263_IRQHandler
                0x1ffc09b4                LPSPI3_IRQHandler
                0x1ffc09b4                Reserved341_IRQHandler
                0x1ffc09b4                DMA4_ERROR_IRQHandler
                0x1ffc09b4                DMA5_32_33_IRQHandler
                0x1ffc09b4                CAN4_ERROR_IRQHandler
                0x1ffc09b4                PDM_HWVAD_ERROR_IRQHandler
                0x1ffc09b4                Reserved309_IRQHandler
                0x1ffc09b4                MU8_A_IRQHandler
                0x1ffc09b4                Reserved68_IRQHandler
                0x1ffc09b4                V2X_FH_APHSM1_IRQHandler
                0x1ffc09b4                USB1_IRQHandler
                0x1ffc09b4                V2X_FH_APCH0_IRQHandler
                0x1ffc09b4                LPUART6_IRQHandler
                0x1ffc09b4                DMA4_10_11_IRQHandler
                0x1ffc09b4                Reserved368_IRQHandler
                0x1ffc09b4                Reserved381_IRQHandler
                0x1ffc09b4                Reserved371_IRQHandler
                0x1ffc09b4                DMA3_13_IRQHandler
                0x1ffc09b4                DMA4_26_27_IRQHandler
                0x1ffc09b4                Reserved359_IRQHandler
                0x1ffc09b4                Reserved370_IRQHandler
                0x1ffc09b4                LPUART4_IRQHandler
                0x1ffc09b4                DMA5_28_29_IRQHandler
                0x1ffc09b4                DMA4_44_45_IRQHandler
                0x1ffc09b4                DMA4_52_53_IRQHandler
                0x1ffc09b4                DMA5_48_49_IRQHandler
                0x1ffc09b4                Reserved42_IRQHandler
                0x1ffc09b4                LPI2C8_IRQHandler
                0x1ffc09b4                Reserved22_IRQHandler
                0x1ffc09b4                DMA4_50_51_IRQHandler
                0x1ffc09b4                DMA4_4_5_IRQHandler
                0x1ffc09b4                Reserved238_IRQHandler
                0x1ffc09b4                Reserved361_IRQHandler
                0x1ffc09b4                I3C2_IRQHandler
                0x1ffc09b4                Reserved268_IRQHandler
                0x1ffc09b4                Reserved39_IRQHandler
                0x1ffc09b4                Reserved310_IRQHandler
                0x1ffc09b4                MU7_B_IRQHandler
                0x1ffc09b4                CAN3_IRQHandler
                0x1ffc09b4                DMA3_4_IRQHandler
                0x1ffc09b4                DMA4_58_59_IRQHandler
                0x1ffc09b4                Reserved265_IRQHandler
                0x1ffc09b4                LPSPI4_IRQHandler
                0x1ffc09b4                Reserved330_IRQHandler
                0x1ffc09b4                Reserved325_IRQHandler
                0x1ffc09b4                Reserved375_IRQHandler
                0x1ffc09b4                Reserved339_IRQHandler
                0x1ffc09b4                LPUART2_IRQHandler
                0x1ffc09b4                Reserved257_IRQHandler
                0x1ffc09b4                DMA3_ERROR_IRQHandler
                0x1ffc09b4                DMA4_46_47_IRQHandler
                0x1ffc09b4                DefaultISR
                0x1ffc09b4                DMA4_60_61_IRQHandler
                0x1ffc09b4                DMA4_32_33_IRQHandler
                0x1ffc09b4                Reserved264_IRQHandler
                0x1ffc09b4                Reserved261_IRQHandler
                0x1ffc09b4                uSDHC3_IRQHandler
                0x1ffc09b4                LPI2C6_IRQHandler
                0x1ffc09b4                DMA5_12_13_IRQHandler
                0x1ffc09b4                LPUART3_IRQHandler
                0x1ffc09b4                Reserved182_IRQHandler
                0x1ffc09b4                DMA5_60_61_IRQHandler
                0x1ffc09b4                Reserved180_IRQHandler
                0x1ffc09b4                DMA4_0_1_IRQHandler
                0x1ffc09b4                Reserved267_IRQHandler
                0x1ffc09b4                Reserved239_IRQHandler
                0x1ffc09b4                Reserved71_IRQHandler
                0x1ffc09b4                Reserved69_IRQHandler
                0x1ffc09b4                DMA5_34_35_IRQHandler
                0x1ffc09b4                DMA4_42_43_IRQHandler
                0x1ffc09b4                LPUART5_IRQHandler
                0x1ffc09b4                Reserved253_IRQHandler
                0x1ffc09b4                SAI2_IRQHandler
                0x1ffc09b4                Reserved70_IRQHandler
                0x1ffc09b4                Reserved377_IRQHandler
                0x1ffc09b4                DMA3_23_IRQHandler
                0x1ffc09b4                TPM2_IRQHandler
                0x1ffc09b4                Reserved215_IRQHandler
                0x1ffc09b4                Reserved389_IRQHandler
                0x1ffc09b4                DMA3_14_IRQHandler
                0x1ffc09b4                Reserved53_IRQHandler
                0x1ffc09b4                CAN3_ERROR_IRQHandler
                0x1ffc09b4                Reserved21_IRQHandler
                0x1ffc09b4                LPUART7_IRQHandler
                0x1ffc09b4                Reserved326_IRQHandler
                0x1ffc09b4                Reserved367_IRQHandler
                0x1ffc09b4                DMA5_26_27_IRQHandler
                0x1ffc09b4                Reserved335_IRQHandler
                0x1ffc09b4                Reserved384_IRQHandler
                0x1ffc09b4                TPM3_IRQHandler
                0x1ffc09b4                Reserved27_IRQHandler
                0x1ffc09b4                DMA5_62_63_IRQHandler
                0x1ffc09b4                DMA5_14_15_IRQHandler
                0x1ffc09b4                DMA3_30_IRQHandler
                0x1ffc09b4                Reserved209_IRQHandler
                0x1ffc09b4                LPSPI1_IRQHandler
                0x1ffc09b4                Reserved317_IRQHandler
                0x1ffc09b4                Reserved211_IRQHandler
                0x1ffc09b4                Reserved343_IRQHandler
                0x1ffc09b4                Reserved256_IRQHandler
                0x1ffc09b4                DMA4_18_19_IRQHandler
                0x1ffc09b4                Reserved252_IRQHandler
                0x1ffc09b4                Reserved206_IRQHandler
                0x1ffc09b4                LPI2C2_IRQHandler
                0x1ffc09b4                DISP_IRQSTEER3_IRQHandler
                0x1ffc09b4                DMA4_2_3_IRQHandler
                0x1ffc09b4                Reserved208_IRQHandler
                0x1ffc09b4                uSDHC2_IRQHandler
                0x1ffc09b4                Reserved181_IRQHandler
                0x1ffc09b4                DMA5_2_3_IRQHandler
                0x1ffc09b4                DMA3_10_IRQHandler
                0x1ffc09b4                Reserved108_IRQHandler
                0x1ffc09b4                Reserved72_IRQHandler
                0x1ffc09b4                DMA3_26_IRQHandler
                0x1ffc09b4                Reserved259_IRQHandler
                0x1ffc09b4                Reserved318_IRQHandler
                0x1ffc09b4                SecureFault_Handler
                0x1ffc09b4                DMA4_12_13_IRQHandler
                0x1ffc09b4                Reserved382_IRQHandler
                0x1ffc09b4                Reserved66_IRQHandler
                0x1ffc09b4                Reserved20_IRQHandler
                0x1ffc09b4                LPSPI5_IRQHandler
                0x1ffc09b4                Reserved107_IRQHandler
                0x1ffc09b4                DMA5_6_7_IRQHandler
                0x1ffc09b4                Reserved352_IRQHandler
                0x1ffc09b4                Reserved37_IRQHandler
                0x1ffc09b4                MU8_B_IRQHandler
                0x1ffc09b4                DMA3_0_IRQHandler
                0x1ffc09b4                LPI2C5_IRQHandler
                0x1ffc09b4                DMA5_20_21_IRQHandler
                0x1ffc09b4                Reserved98_IRQHandler
                0x1ffc09b4                Reserved17_IRQHandler
                0x1ffc09b4                DMA4_14_15_IRQHandler
                0x1ffc09b4                Reserved321_IRQHandler
                0x1ffc09b4                Reserved189_IRQHandler
                0x1ffc09b4                FCCU_INT2_IRQHandler
                0x1ffc09b4                Reserved271_IRQHandler
                0x1ffc09b4                Reserved258_IRQHandler
                0x1ffc09b4                LPSPI8_IRQHandler
                0x1ffc09b4                Reserved363_IRQHandler
                0x1ffc09b4                DMA4_20_21_IRQHandler
                0x1ffc09b4                Reserved319_IRQHandler
                0x1ffc09b4                Reserved307_IRQHandler
                0x1ffc09b4                Reserved311_IRQHandler
                0x1ffc09b4                Reserved354_IRQHandler
                0x1ffc09b4                Reserved344_IRQHandler
                0x1ffc09b4                Reserved190_IRQHandler
                0x1ffc09b4                Reserved260_IRQHandler
                0x1ffc09b4                Reserved386_IRQHandler
                0x1ffc09b4                Reserved105_IRQHandler
                0x1ffc09b4                DMA3_27_IRQHandler
                0x1ffc09b4                DMA3_18_IRQHandler
                0x1ffc09b4                Reserved269_IRQHandler
                0x1ffc09b4                DMA4_54_55_IRQHandler
                0x1ffc09b4                Reserved104_IRQHandler
                0x1ffc09b4                DMA3_7_IRQHandler
                0x1ffc09b4                Reserved101_IRQHandler
                0x1ffc09b4                Reserved369_IRQHandler
                0x1ffc09b4                SAI3_IRQHandler
                0x1ffc09b4                DMA3_2_IRQHandler
                0x1ffc09b4                DMA3_29_IRQHandler
                0x1ffc09b4                Reserved217_IRQHandler
                0x1ffc09b4                Reserved41_IRQHandler
                0x1ffc09b4                DMA3_3_IRQHandler
                0x1ffc09b4                Reserved332_IRQHandler
                0x1ffc09b4                DISP_IRQSTEER2_IRQHandler
                0x1ffc09b4                Reserved357_IRQHandler
                0x1ffc09b4                Reserved205_IRQHandler
                0x1ffc09b4                TPM6_IRQHandler
                0x1ffc09b4                PDM_EVENT_IRQHandler
                0x1ffc09b4                DMA3_25_IRQHandler
                0x1ffc09b4                DMA3_21_IRQHandler
                0x1ffc09b4                Reserved366_IRQHandler
                0x1ffc09b4                LPI2C4_IRQHandler
                0x1ffc09b4                Reserved254_IRQHandler
                0x1ffc09b4                DMA3_24_IRQHandler
                0x1ffc09b4                USB2_IRQHandler
                0x1ffc09b4                Reserved109_IRQHandler
                0x1ffc09b4                PDM_HWVAD_EVENT_IRQHandler
                0x1ffc09b4                Reserved379_IRQHandler
                0x1ffc09b4                LPSPI7_IRQHandler
                0x1ffc09b4                Reserved340_IRQHandler
                0x1ffc09b4                DMA4_24_25_IRQHandler
                0x1ffc09b4                Reserved255_IRQHandler
                0x1ffc09b4                Reserved374_IRQHandler
                0x1ffc09b4                Reserved327_IRQHandler
                0x1ffc09b4                Reserved262_IRQHandler
                0x1ffc09b4                Reserved356_IRQHandler
                0x1ffc09b4                LPUART8_IRQHandler
                0x1ffc09b4                DISP_IRQSTEER7_IRQHandler
                0x1ffc09b4                Reserved378_IRQHandler
                0x1ffc09b4                SAI5_IRQHandler
                0x1ffc09b4                Reserved337_IRQHandler
                0x1ffc09b4                Reserved373_IRQHandler
                0x1ffc09b4                DISP_IRQSTEER1_IRQHandler
                0x1ffc09b4                DMA5_44_45_IRQHandler
                0x1ffc09b4                DMA3_11_IRQHandler
                0x1ffc09b4                DMA3_19_IRQHandler
                0x1ffc09b4                Reserved390_IRQHandler
                0x1ffc09b4                DMA4_36_37_IRQHandler
                0x1ffc09b4                Reserved391_IRQHandler
                0x1ffc09b4                CAN5_ERROR_IRQHandler
                0x1ffc09b4                DMA4_30_31_IRQHandler
                0x1ffc09b4                Reserved314_IRQHandler
                0x1ffc09b4                TPM4_IRQHandler
                0x1ffc09b4                DMA5_52_53_IRQHandler
                0x1ffc09b4                Reserved270_IRQHandler
                0x1ffc09b4                Reserved23_IRQHandler
                0x1ffc09b4                Reserved266_IRQHandler
                0x1ffc09b4                DMA5_38_39_IRQHandler
                0x1ffc09b4                Reserved323_IRQHandler
                0x1ffc09b4                uSDHC1_IRQHandler
                0x1ffc09b4                Reserved365_IRQHandler
                0x1ffc09b4                DMA4_34_35_IRQHandler
                0x1ffc09b4                I3C1_IRQHandler
                0x1ffc09b4                Reserved372_IRQHandler
                0x1ffc09b4                LPUART1_IRQHandler
                0x1ffc09b4                LPI2C1_IRQHandler
                0x1ffc09b4                CAN1_ERROR_IRQHandler
                0x1ffc09b4                DMA5_0_1_IRQHandler
                0x1ffc09b4                Reserved320_IRQHandler
                0x1ffc09b4                DMA5_8_9_IRQHandler
                0x1ffc09b4                Reserved362_IRQHandler
                0x1ffc09b4                Reserved342_IRQHandler
                0x1ffc09b4                TPM1_IRQHandler
                0x1ffc09b4                LPI2C3_IRQHandler
                0x1ffc09b4                Reserved385_IRQHandler
                0x1ffc09b4                Reserved106_IRQHandler
                0x1ffc09b4                DISP_IRQSTEER0_IRQHandler
                0x1ffc09b4                DMA5_36_37_IRQHandler
                0x1ffc09b4                Reserved312_IRQHandler
                0x1ffc09b4                Reserved313_IRQHandler
                0x1ffc09b4                DMA4_40_41_IRQHandler
                0x1ffc09b4                Reserved51_IRQHandler
                0x1ffc09b4                DMA3_16_IRQHandler
                0x1ffc09b4                LPIT1_IRQHandler
                0x1ffc09b4                DMA3_5_IRQHandler
                0x1ffc09b4                Reserved355_IRQHandler
                0x1ffc09b4                DMA5_46_47_IRQHandler
                0x1ffc09b4                LPSPI2_IRQHandler
                0x1ffc09b4                DMA3_1_IRQHandler
                0x1ffc09b4                SAI4_IRQHandler
                0x1ffc09b4                Reserved353_IRQHandler
                0x1ffc09b4                MU7_A_IRQHandler
                0x1ffc09b4                DMA5_50_51_IRQHandler
                0x1ffc09b4                DMA5_56_57_IRQHandler
                0x1ffc09b4                Reserved218_IRQHandler
                0x1ffc09b4                Reserved213_IRQHandler
                0x1ffc09b4                DMA3_15_IRQHandler
                0x1ffc09b4                Reserved316_IRQHandler
                0x1ffc09b4                Reserved306_IRQHandler
                0x1ffc09b4                Reserved40_IRQHandler
                0x1ffc09b4                Reserved329_IRQHandler
                0x1ffc09b4                CAN2_IRQHandler
                0x1ffc09b4                Reserved350_IRQHandler
                0x1ffc09b4                TPM5_IRQHandler
                0x1ffc09b4                Reserved38_IRQHandler
                0x1ffc09b4                Reserved387_IRQHandler
                0x1ffc09b4                Reserved358_IRQHandler
                0x1ffc09b4                PDM_ERROR_IRQHandler
                0x1ffc09b4                Reserved360_IRQHandler
                0x1ffc09b4                CAN4_IRQHandler
                0x1ffc09b4                DMA5_30_31_IRQHandler
                0x1ffc09b4                Reserved336_IRQHandler
                0x1ffc09b4                TRDC_MGR_A_IRQHandler
                0x1ffc09b4                DMA4_38_39_IRQHandler
                0x1ffc09b4                DMA5_18_19_IRQHandler
                0x1ffc09b4                Reserved212_IRQHandler
                0x1ffc09b4                DMA5_40_41_IRQHandler
                0x1ffc09b4                DMA4_6_7_IRQHandler
                0x1ffc09b4                Reserved388_IRQHandler
                0x1ffc09b4                DMA4_56_57_IRQHandler
                0x1ffc09b4                Reserved383_IRQHandler
                0x1ffc09b4                LPI2C7_IRQHandler
                0x1ffc09b4                DMA5_10_11_IRQHandler
                0x1ffc09b4                LPTMR1_IRQHandler
                0x1ffc09b4                Reserved348_IRQHandler
                0x1ffc09b4                CAN2_ERROR_IRQHandler
                0x1ffc09b4                Reserved328_IRQHandler
                0x1ffc09b4                Reserved52_IRQHandler
                0x1ffc09b4                Reserved380_IRQHandler
                0x1ffc09b4                Reserved349_IRQHandler
                0x1ffc09b4                Reserved346_IRQHandler
                0x1ffc09b4                Reserved219_IRQHandler
                0x1ffc09b4                Reserved237_IRQHandler
                0x1ffc09b4                DMA4_8_9_IRQHandler
                0x1ffc09b4                DMA3_8_IRQHandler
                0x1ffc09b4                SAI1_IRQHandler
                0x1ffc09b4                DMA5_16_17_IRQHandler
                0x1ffc09b4                Reserved338_IRQHandler
                0x1ffc09b4                DMA4_28_29_IRQHandler
                0x1ffc09b4                Reserved67_IRQHandler
                0x1ffc09b8                NMI_Handler_Shim
                0x1ffc09cc                HardFault_Handler_Shim
                0x1ffc09e0                MemManage_Handler_Shim
                0x1ffc09f4                BusFault_Handler_Shim
                0x1ffc0a08                UsageFault_Handler_Shim
                0x1ffc0a1c                SecureFault_Handler_Shim
                0x1ffc0a30                WDOG1_IRQHandler_Shim
                0x1ffc0a44                WDOG2_IRQHandler_Shim
                0x1ffc0a58                ELE_Group1_IRQHandler_Shim
                0x1ffc0a6c                ELE_Group2_IRQHandler_Shim
                0x1ffc0a80                ELE_Group3_IRQHandler_Shim
                0x1ffc0a92                SVC_Handler
                0x1ffc0a96                PendSV_Handler
 .text          0x1ffc0aac       0x48 /usr/lib/gcc/arm-none-eabi/13.2.1/../../../arm-none-eabi/lib/thumb/v8-m.main+fp/softfp/libc_nano.a(libc_a-assert.o)
                0x1ffc0aac                __assert_func
                0x1ffc0ae8                __assert
 .text          0x1ffc0af4       0x5c /usr/lib/gcc/arm-none-eabi/13.2.1/../../../arm-none-eabi/lib/thumb/v8-m.main+fp/softfp/libc_nano.a(libc_a-strlen-stub.o)
                0x1ffc0af4                strlen
 .text          0x1ffc0b50      0x15c /usr/lib/gcc/arm-none-eabi/13.2.1/../../../arm-none-eabi/lib/thumb/v8-m.main+fp/softfp/libc_nano.a(libc_a-strtoul.o)
                0x1ffc0c78                _strtoul_r
                0x1ffc0c7c                strtoul_l
                0x1ffc0c94                strtoul
 .text          0x1ffc0cac       0x50 /usr/lib/gcc/arm-none-eabi/13.2.1/../../../arm-none-eabi/lib/thumb/v8-m.main+fp/softfp/libc_nano.a(libc_a-init.o)
                0x1ffc0cac                __libc_init_array
 .text          0x1ffc0cfc       0x54 /usr/lib/gcc/arm-none-eabi/13.2.1/../../../arm-none-eabi/lib/thumb/v8-m.main+fp/softfp/libc_nano.a(libc_a-strncasecmp.o)
                0x1ffc0cfc                strncasecmp
 .text          0x1ffc0d50       0x10 /usr/lib/gcc/arm-none-eabi/13.2.1/../../../arm-none-eabi/lib/thumb/v8-m.main+fp/softfp/libc_nano.a(libc_a-abort.o)
                0x1ffc0d50                abort
 .text          0x1ffc0d60      0x1c0 /usr/lib/gcc/arm-none-eabi/13.2.1/../../../arm-none-eabi/lib/thumb/v8-m.main+fp/softfp/libc_nano.a(libc_a-strtoull.o)
                0x1ffc0eec                _strtoull_r
                0x1ffc0ef0                strtoull_l
                0x1ffc0f08                strtoull
 .text          0x1ffc0f20       0x4c /usr/lib/gcc/arm-none-eabi/13.2.1/../../../arm-none-eabi/lib/thumb/v8-m.main+fp/softfp/libc_nano.a(libc_a-strcasecmp.o)
                0x1ffc0f20                strcasecmp
 .text          0x1ffc0f6c       0xa4 /usr/lib/gcc/arm-none-eabi/13.2.1/../../../arm-none-eabi/lib/thumb/v8-m.main+fp/softfp/libc_nano.a(libc_a-memset.o)
                0x1ffc0f6c                memset
 .text          0x1ffc1010        0xc /usr/lib/gcc/arm-none-eabi/13.2.1/../../../arm-none-eabi/lib/thumb/v8-m.main+fp/softfp/libc_nano.a(libc_a-errno.o)
                0x1ffc1010                __errno
 .text          0x1ffc101c      0x17c /usr/lib/gcc/arm-none-eabi/13.2.1/../../../arm-none-eabi/lib/thumb/v8-m.main+fp/softfp/libc_nano.a(libc_a-strtol.o)
                0x1ffc1128                _strtol_r
                0x1ffc1140                strtol_l
                0x1ffc116c                strtol
 .text          0x1ffc1198      0x14c /usr/lib/gcc/arm-none-eabi/13.2.1/../../../arm-none-eabi/lib/thumb/v8-m.main+fp/softfp/libc_nano.a(libc_a-setvbuf.o)
                0x1ffc1198                setvbuf
 .text          0x1ffc12e4       0xec /usr/lib/gcc/arm-none-eabi/13.2.1/../../../arm-none-eabi/lib/thumb/v8-m.main+fp/softfp/libc_nano.a(libc_a-memcpy.o)
                0x1ffc12e4                memcpy
 .text          0x1ffc13d0       0x20 /usr/lib/gcc/arm-none-eabi/13.2.1/../../../arm-none-eabi/lib/thumb/v8-m.main+fp/softfp/libc_nano.a(libc_a-malloc.o)
                0x1ffc13d0                malloc
                0x1ffc13e0                free
 .text          0x1ffc13f0       0x44 /usr/lib/gcc/arm-none-eabi/13.2.1/../../../arm-none-eabi/lib/thumb/v8-m.main+fp/softfp/libc_nano.a(libc_a-fprintf.o)
                0x1ffc13f0                _fprintf_r
                0x1ffc13f0                _fiprintf_r
                0x1ffc140c                fprintf
                0x1ffc140c                fiprintf
 .text          0x1ffc1434      0x114 /usr/lib/gcc/arm-none-eabi/13.2.1/../../../arm-none-eabi/lib/thumb/v8-m.main+fp/softfp/libc_nano.a(libc_a-makebuf.o)
                0x1ffc1434                __smakebuf_r
                0x1ffc14fc                __swhatbuf_r
 .text          0x1ffc1548       0x24 /usr/lib/gcc/arm-none-eabi/13.2.1/../../../arm-none-eabi/lib/thumb/v8-m.main+fp/softfp/libc_nano.a(libc_a-exit.o)
                0x1ffc1548                exit
 .text          0x1ffc156c        0xc /usr/lib/gcc/arm-none-eabi/13.2.1/../../../arm-none-eabi/lib/thumb/v8-m.main+fp/softfp/libc_nano.a(libc_a-atexit.o)
                0x1ffc156c                atexit
 .text          0x1ffc1578       0x48 /usr/lib/gcc/arm-none-eabi/13.2.1/../../../arm-none-eabi/lib/thumb/v8-m.main+fp/softfp/libc_nano.a(libc_a-printf.o)
                0x1ffc1578                _printf_r
                0x1ffc1578                _iprintf_r
                0x1ffc1598                printf
                0x1ffc1598                iprintf
 .text          0x1ffc15c0       0x24 /usr/lib/gcc/arm-none-eabi/13.2.1/../../../arm-none-eabi/lib/thumb/v8-m.main+fp/softfp/libc_nano.a(libc_a-isattyr.o)
                0x1ffc15c0                _isatty_r
 .text          0x1ffc15e4      0x2dc /usr/lib/gcc/arm-none-eabi/13.2.1/../../../arm-none-eabi/lib/thumb/v8-m.main+fp/softfp/libc_nano.a(libc_a-nano-vfprintf.o)
                0x1ffc1620                __sfputs_r
                0x1ffc1650                __sprint_r
                0x1ffc1670                _vfiprintf_r
                0x1ffc1670                _vfprintf_r
                0x1ffc18a8                vfiprintf
                0x1ffc18a8                vfprintf
 .text          0x1ffc18c0       0x28 /usr/lib/gcc/arm-none-eabi/13.2.1/../../../arm-none-eabi/lib/thumb/v8-m.main+fp/softfp/libc_nano.a(libc_a-fini.o)
                0x1ffc18c0                __libc_fini_array
 .text          0x1ffc18e8       0x98 /usr/lib/gcc/arm-none-eabi/13.2.1/../../../arm-none-eabi/lib/thumb/v8-m.main+fp/softfp/libc_nano.a(libc_a-wbuf.o)
                0x1ffc18e8                __swbuf_r
                0x1ffc1970                __swbuf
 .text          0x1ffc1980      0x300 /usr/lib/gcc/arm-none-eabi/13.2.1/../../../arm-none-eabi/lib/thumb/v8-m.main+fp/softfp/libc_nano.a(libc_a-fvwrite.o)
                0x1ffc1980                __sfvwrite_r
 .text          0x1ffc1c80      0x260 /usr/lib/gcc/arm-none-eabi/13.2.1/../../../arm-none-eabi/lib/thumb/v8-m.main+fp/softfp/libc_nano.a(libc_a-signal.o)
                0x1ffc1c80                _init_signal_r
                0x1ffc1cac                _signal_r
                0x1ffc1cf8                _raise_r
                0x1ffc1d48                __sigtramp_r
                0x1ffc1da8                raise
                0x1ffc1dfc                signal
                0x1ffc1e48                _init_signal
                0x1ffc1e7c                __sigtramp
 .text          0x1ffc1ee0      0x224 /usr/lib/gcc/arm-none-eabi/13.2.1/../../../arm-none-eabi/lib/thumb/v8-m.main+fp/softfp/libc_nano.a(libc_a-findfp.o)
                0x1ffc2010                __sfp
                0x1ffc20b4                __sinit
                0x1ffc20d4                __sfp_lock_acquire
                0x1ffc20d8                __sfp_lock_release
                0x1ffc20dc                __fp_lock_all
                0x1ffc20f0                __fp_unlock_all
 .text          0x1ffc2104      0x1a4 /usr/lib/gcc/arm-none-eabi/13.2.1/../../../arm-none-eabi/lib/thumb/v8-m.main+fp/softfp/libc_nano.a(libc_a-fflush.o)
                0x1ffc2104                __sflush_r
                0x1ffc2224                _fflush_r
                0x1ffc225c                fflush
 .text          0x1ffc22a8      0x148 /usr/lib/gcc/arm-none-eabi/13.2.1/../../../arm-none-eabi/lib/thumb/v8-m.main+fp/softfp/libc_nano.a(libc_a-mallocr.o)
                0x1ffc22f0                _malloc_r
 .text          0x1ffc23f0       0xa8 /usr/lib/gcc/arm-none-eabi/13.2.1/../../../arm-none-eabi/lib/thumb/v8-m.main+fp/softfp/libc_nano.a(libc_a-freer.o)
                0x1ffc23f0                _free_r
 .text          0x1ffc2498      0x100 /usr/lib/gcc/arm-none-eabi/13.2.1/../../../arm-none-eabi/lib/thumb/v8-m.main+fp/softfp/libc_nano.a(libc_a-memmove.o)
                0x1ffc2498                memmove
 .text          0x1ffc2598       0x44 /usr/lib/gcc/arm-none-eabi/13.2.1/../../../arm-none-eabi/lib/thumb/v8-m.main+fp/softfp/libc_nano.a(libc_a-fwalk.o)
                0x1ffc2598                _fwalk_sglue
 .text          0x1ffc25dc       0xc4 /usr/lib/gcc/arm-none-eabi/13.2.1/../../../arm-none-eabi/lib/thumb/v8-m.main+fp/softfp/libc_nano.a(libc_a-wsetup.o)
                0x1ffc25dc                __swsetup_r
 .text          0x1ffc26a0       0xac /usr/lib/gcc/arm-none-eabi/13.2.1/../../../arm-none-eabi/lib/thumb/v8-m.main+fp/softfp/libc_nano.a(libc_a-__atexit.o)
                0x1ffc26a0                __register_exitproc
 .text          0x1ffc274c       0x64 /usr/lib/gcc/arm-none-eabi/13.2.1/../../../arm-none-eabi/lib/thumb/v8-m.main+fp/softfp/libc_nano.a(libc_a-reallocr.o)
                0x1ffc274c                _realloc_r
 .text          0x1ffc27b0      0x3a0 /usr/lib/gcc/arm-none-eabi/13.2.1/../../../arm-none-eabi/lib/thumb/v8-m.main+fp/softfp/libc_nano.a(libc_a-nano-vfprintf_i.o)
                0x1ffc27b0                _printf_common
                0x1ffc28cc                _printf_i
 .text          0x1ffc2b50       0x2c /usr/lib/gcc/arm-none-eabi/13.2.1/../../../arm-none-eabi/lib/thumb/v8-m.main+fp/softfp/libc_nano.a(libc_a-fstatr.o)
                0x1ffc2b50                _fstat_r
 .text          0x1ffc2b7c        0x8 /usr/lib/gcc/arm-none-eabi/13.2.1/../../../arm-none-eabi/lib/thumb/v8-m.main+fp/softfp/libc_nano.a(libc_a-mlock.o)
                0x1ffc2b7c                __malloc_lock
                0x1ffc2b80                __malloc_unlock
 .text          0x1ffc2b84       0x98 /usr/lib/gcc/arm-none-eabi/13.2.1/../../../arm-none-eabi/lib/thumb/v8-m.main+fp/softfp/libc_nano.a(libc_a-memchr-stub.o)
                0x1ffc2b84                memchr
 .text          0x1ffc2c1c       0x24 /usr/lib/gcc/arm-none-eabi/13.2.1/../../../arm-none-eabi/lib/thumb/v8-m.main+fp/softfp/libc_nano.a(libc_a-sbrkr.o)
                0x1ffc2c1c                _sbrk_r
 .text          0x1ffc2c40       0x98 /usr/lib/gcc/arm-none-eabi/13.2.1/../../../arm-none-eabi/lib/thumb/v8-m.main+fp/softfp/libc_nano.a(libc_a-stdio.o)
                0x1ffc2c40                __sread
                0x1ffc2c64                __seofread
                0x1ffc2c68                __swrite
                0x1ffc2ca8                __sseek
                0x1ffc2cd0                __sclose
 .text          0x1ffc2cd8       0x14 /usr/lib/gcc/arm-none-eabi/13.2.1/../../../arm-none-eabi/lib/thumb/v8-m.main+fp/softfp/libc_nano.a(libc_a-msizer.o)
                0x1ffc2cd8                _malloc_usable_size_r
 .text          0x1ffc2cec       0x30 /usr/lib/gcc/arm-none-eabi/13.2.1/../../../arm-none-eabi/lib/thumb/v8-m.main+fp/softfp/libc_nano.a(libc_a-signalr.o)
                0x1ffc2cec                _kill_r
                0x1ffc2d18                _getpid_r
 .text          0x1ffc2d1c       0x24 /usr/lib/gcc/arm-none-eabi/13.2.1/../../../arm-none-eabi/lib/thumb/v8-m.main+fp/softfp/libc_nano.a(libc_a-closer.o)
                0x1ffc2d1c                _close_r
 .text          0x1ffc2d40       0xc0 /usr/lib/gcc/arm-none-eabi/13.2.1/../../../arm-none-eabi/lib/thumb/v8-m.main+fp/softfp/libc_nano.a(libc_a-__call_atexit.o)
                0x1ffc2d40                __call_exitprocs
 .text          0x1ffc2e00       0x2c /usr/lib/gcc/arm-none-eabi/13.2.1/../../../arm-none-eabi/lib/thumb/v8-m.main+fp/softfp/libc_nano.a(libc_a-readr.o)
                0x1ffc2e00                _read_r
 .text          0x1ffc2e2c       0x2c /usr/lib/gcc/arm-none-eabi/13.2.1/../../../arm-none-eabi/lib/thumb/v8-m.main+fp/softfp/libc_nano.a(libc_a-lseekr.o)
                0x1ffc2e2c                _lseek_r
 .text          0x1ffc2e58       0x2c /usr/lib/gcc/arm-none-eabi/13.2.1/../../../arm-none-eabi/lib/thumb/v8-m.main+fp/softfp/libc_nano.a(libc_a-writer.o)
                0x1ffc2e58                _write_r
 .text          0x1ffc2e84       0xa0 /usr/lib/gcc/arm-none-eabi/13.2.1/thumb/v8-m.main+fp/softfp/libgcc.a(_aeabi_ldivmod.o)
                0x1ffc2e84                __aeabi_ldivmod
 .text          0x1ffc2f24       0x30 /usr/lib/gcc/arm-none-eabi/13.2.1/thumb/v8-m.main+fp/softfp/libgcc.a(_aeabi_uldivmod.o)
                0x1ffc2f24                __aeabi_uldivmod
 .text          0x1ffc2f54      0x300 /usr/lib/gcc/arm-none-eabi/13.2.1/thumb/v8-m.main+fp/softfp/libgcc.a(_udivmoddi4.o)
                0x1ffc2f54                __udivmoddi4
 .text          0x1ffc3254        0x4 /usr/lib/gcc/arm-none-eabi/13.2.1/thumb/v8-m.main+fp/softfp/libgcc.a(_dvmd_tls.o)
                0x1ffc3254                __aeabi_ldiv0
                0x1ffc3254                __aeabi_idiv0
 *(.text*)
 .text.SystemInitHook
                0x1ffc3258        0x4 ././build/mx95evk/system_MIMX95_cm33.o
                0x1ffc3258                SystemInitHook
 .text.SystemInit
                0x1ffc325c       0x7c ././build/mx95evk/system_MIMX95_cm33.o
                0x1ffc325c                SystemInit
 .text.SystemExit
                0x1ffc32d8        0x4 ././build/mx95evk/system_MIMX95_cm33.o
                0x1ffc32d8                SystemExit
 .text.SystemTimeDelay
                0x1ffc32dc        0x4 ././build/mx95evk/system_MIMX95_cm33.o
                0x1ffc32dc                SystemTimeDelay
 .text.SystemMemoryProbe
                0x1ffc32e0       0x4c ././build/mx95evk/system_MIMX95_cm33.o
                0x1ffc32e0                SystemMemoryProbe
 .text.BOARD_InitHardware
                0x1ffc332c       0x24 ././build/mx95evk/hardware_init.o
                0x1ffc332c                BOARD_InitHardware
 .text.BOARD_InitPins
                0x1ffc3350       0x44 ././build/mx95evk/pin_mux.o
                0x1ffc3350                BOARD_InitPins
 .text.CCM_RootGetEnable
                0x1ffc3394       0x1c ././build/mx95evk/fsl_ccm.o
                0x1ffc3394                CCM_RootGetEnable
 .text.CCM_RootSetEnable
                0x1ffc33b0       0x24 ././build/mx95evk/fsl_ccm.o
                0x1ffc33b0                CCM_RootSetEnable
 .text.CCM_RootGetRate
                0x1ffc33d4       0x48 ././build/mx95evk/fsl_ccm.o
                0x1ffc33d4                CCM_RootGetRate
 .text.CCM_RootSetRate
                0x1ffc341c       0xf0 ././build/mx95evk/fsl_ccm.o
                0x1ffc341c                CCM_RootSetRate
 .text.CCM_RootMuxNumInputsGet
                0x1ffc350c       0x10 ././build/mx95evk/fsl_ccm.o
                0x1ffc350c                CCM_RootMuxNumInputsGet
 .text.CCM_RootMuxInputGet
                0x1ffc351c       0x28 ././build/mx95evk/fsl_ccm.o
                0x1ffc351c                CCM_RootMuxInputGet
 .text.CCM_RootGetParent
                0x1ffc3544       0x28 ././build/mx95evk/fsl_ccm.o
                0x1ffc3544                CCM_RootGetParent
 .text.CCM_RootSetParent
                0x1ffc356c       0x54 ././build/mx95evk/fsl_ccm.o
                0x1ffc356c                CCM_RootSetParent
 .text.CCM_RootGetDiv
                0x1ffc35c0       0x1c ././build/mx95evk/fsl_ccm.o
                0x1ffc35c0                CCM_RootGetDiv
 .text.CCM_RootSetDiv
                0x1ffc35dc       0x24 ././build/mx95evk/fsl_ccm.o
                0x1ffc35dc                CCM_RootSetDiv
 .text.CCM_GprSelGetEnable
                0x1ffc3600        0xc ././build/mx95evk/fsl_ccm.o
                0x1ffc3600                CCM_GprSelGetEnable
 .text.CCM_GprSelExtGetRate
                0x1ffc360c       0x30 ././build/mx95evk/fsl_ccm.o
                0x1ffc360c                CCM_GprSelExtGetRate
 .text.CCM_GprSelGetRate
                0x1ffc363c       0xb0 ././build/mx95evk/fsl_ccm.o
                0x1ffc363c                CCM_GprSelGetRate
 .text.CCM_GprSelMuxNumInputsGet
                0x1ffc36ec       0x10 ././build/mx95evk/fsl_ccm.o
                0x1ffc36ec                CCM_GprSelMuxNumInputsGet
 .text.CCM_GprSelMuxInputGet
                0x1ffc36fc       0x24 ././build/mx95evk/fsl_ccm.o
                0x1ffc36fc                CCM_GprSelMuxInputGet
 .text.CCM_GprSelGetParent
                0x1ffc3720       0x48 ././build/mx95evk/fsl_ccm.o
                0x1ffc3720                CCM_GprSelGetParent
 .text.CCM_GprSelSetParent
                0x1ffc3768       0x68 ././build/mx95evk/fsl_ccm.o
                0x1ffc3768                CCM_GprSelSetParent
 .text.CCM_GprValSet
                0x1ffc37d0       0x2c ././build/mx95evk/fsl_ccm.o
                0x1ffc37d0                CCM_GprValSet
 .text.CCM_CgcGetEnable
                0x1ffc37fc       0x28 ././build/mx95evk/fsl_ccm.o
                0x1ffc37fc                CCM_CgcGetEnable
 .text.CCM_CgcSetEnable
                0x1ffc3824       0x40 ././build/mx95evk/fsl_ccm.o
                0x1ffc3824                CCM_CgcSetEnable
 .text.CCM_CgcGetRate
                0x1ffc3864       0x54 ././build/mx95evk/fsl_ccm.o
                0x1ffc3864                CCM_CgcGetRate
 .text.CCM_CgcGetParent
                0x1ffc38b8       0x14 ././build/mx95evk/fsl_ccm.o
                0x1ffc38b8                CCM_CgcGetParent
 .text.CCM_CgcSetParent
                0x1ffc38cc       0x18 ././build/mx95evk/fsl_ccm.o
                0x1ffc38cc                CCM_CgcSetParent
 .text.CCM_LpcgTimeoutSetEnable
                0x1ffc38e4       0x38 ././build/mx95evk/fsl_ccm.o
                0x1ffc38e4                CCM_LpcgTimeoutSetEnable
 .text.CLOCK_SourceGetEnable
                0x1ffc391c      0x25c ././build/mx95evk/fsl_clock.o
                0x1ffc391c                CLOCK_SourceGetEnable
 .text.CLOCK_SourceSetEnable
                0x1ffc3b78      0x298 ././build/mx95evk/fsl_clock.o
                0x1ffc3b78                CLOCK_SourceSetEnable
 .text.CLOCK_SourceSetBypass
                0x1ffc3e10       0x20 ././build/mx95evk/fsl_clock.o
                0x1ffc3e10                CLOCK_SourceSetBypass
 .text.CLOCK_SourceGetRate
                0x1ffc3e30      0x178 ././build/mx95evk/fsl_clock.o
                0x1ffc3e30                CLOCK_SourceGetRate
 .text.CLOCK_SourceSetRate
                0x1ffc3fa8      0x258 ././build/mx95evk/fsl_clock.o
                0x1ffc3fa8                CLOCK_SourceSetRate
 .text.CLOCK_SourceGetParent
                0x1ffc4200       0x24 ././build/mx95evk/fsl_clock.o
                0x1ffc4200                CLOCK_SourceGetParent
 .text.CLOCK_SourceSetParent
                0x1ffc4224       0x24 ././build/mx95evk/fsl_clock.o
                0x1ffc4224                CLOCK_SourceSetParent
 .text.CLOCK_SourceSetSsc
                0x1ffc4248       0x5c ././build/mx95evk/fsl_clock.o
                0x1ffc4248                CLOCK_SourceSetSsc
 .text.CLOCK_SourceGetSsc
                0x1ffc42a4       0x5c ././build/mx95evk/fsl_clock.o
                0x1ffc42a4                CLOCK_SourceGetSsc
 .text.CLOCK_CgcSetEnable
                0x1ffc4300       0x3c ././build/mx95evk/fsl_clock.o
                0x1ffc4300                CLOCK_CgcSetEnable
 .text.CPU_WaitSet
                0x1ffc433c       0x30 ././build/mx95evk/fsl_cpu.o
                0x1ffc433c                CPU_WaitSet
 .text.CPU_SwWakeup
                0x1ffc436c       0x34 ././build/mx95evk/fsl_cpu.o
                0x1ffc436c                CPU_SwWakeup
 .text.CPU_IrqSet
                0x1ffc43a0      0x204 ././build/mx95evk/fsl_cpu.o
                0x1ffc43a0                CPU_IrqSet
 .text.CPU_GpcHandshakeSet
                0x1ffc45a4       0x34 ././build/mx95evk/fsl_cpu.o
                0x1ffc45a4                CPU_GpcHandshakeSet
 .text.CPU_ResetSet
                0x1ffc45d8      0x11c ././build/mx95evk/fsl_cpu.o
                0x1ffc45d8                CPU_ResetSet
 .text.CPU_ResetGet
                0x1ffc46f4       0x60 ././build/mx95evk/fsl_cpu.o
                0x1ffc46f4                CPU_ResetGet
 .text.CPU_FsmStateGet
                0x1ffc4754       0x20 ././build/mx95evk/fsl_cpu.o
                0x1ffc4754                CPU_FsmStateGet
 .text.CPU_RunModeGet
                0x1ffc4774       0xd0 ././build/mx95evk/fsl_cpu.o
                0x1ffc4774                CPU_RunModeGet
 .text.CPU_LpComputeSet
                0x1ffc4844       0x34 ././build/mx95evk/fsl_cpu.o
                0x1ffc4844                CPU_LpComputeSet
 .text.CPU_LpComputeListGet
                0x1ffc4878        0xc ././build/mx95evk/fsl_cpu.o
                0x1ffc4878                CPU_LpComputeListGet
 .text.CPU_SleepModeSet
                0x1ffc4884       0x48 ././build/mx95evk/fsl_cpu.o
                0x1ffc4884                CPU_SleepModeSet
 .text.CPU_SleepModeGet
                0x1ffc48cc       0x20 ././build/mx95evk/fsl_cpu.o
                0x1ffc48cc                CPU_SleepModeGet
 .text.CPU_SleepForceGet
                0x1ffc48ec       0x2c ././build/mx95evk/fsl_cpu.o
                0x1ffc48ec                CPU_SleepForceGet
 .text.CPU_IsActive
                0x1ffc4918       0x40 ././build/mx95evk/fsl_cpu.o
                0x1ffc4918                CPU_IsActive
 .text.CPU_SystemSleepStatusGet
                0x1ffc4958      0x158 ././build/mx95evk/fsl_cpu.o
                0x1ffc4958                CPU_SystemSleepStatusGet
 .text.CPU_WakeMuxSet
                0x1ffc4ab0       0x24 ././build/mx95evk/fsl_cpu.o
                0x1ffc4ab0                CPU_WakeMuxSet
 .text.CPU_IrqWakeSet
                0x1ffc4ad4       0x20 ././build/mx95evk/fsl_cpu.o
                0x1ffc4ad4                CPU_IrqWakeSet
 .text.CPU_IrqWakeGet
                0x1ffc4af4       0x24 ././build/mx95evk/fsl_cpu.o
                0x1ffc4af4                CPU_IrqWakeGet
 .text.CPU_NonIrqWakeSet
                0x1ffc4b18       0x1c ././build/mx95evk/fsl_cpu.o
                0x1ffc4b18                CPU_NonIrqWakeSet
 .text.CPU_LpmConfigSet
                0x1ffc4b34       0x2c ././build/mx95evk/fsl_cpu.o
                0x1ffc4b34                CPU_LpmConfigSet
 .text.CPU_LpmConfigInit
                0x1ffc4b60      0x31c ././build/mx95evk/fsl_cpu.o
                0x1ffc4b60                CPU_LpmConfigInit
 .text.CPU_LpmConfigDeInit
                0x1ffc4e7c       0xfc ././build/mx95evk/fsl_cpu.o
                0x1ffc4e7c                CPU_LpmConfigDeInit
 .text.CPU_PerLpiConfigSet
                0x1ffc4f78       0x7c ././build/mx95evk/fsl_cpu.o
                0x1ffc4f78                CPU_PerLpiConfigSet
 .text.CPU_PerLpiConfigInit
                0x1ffc4ff4       0x88 ././build/mx95evk/fsl_cpu.o
                0x1ffc4ff4                CPU_PerLpiConfigInit
 .text.CPU_Init
                0x1ffc507c       0xd8 ././build/mx95evk/fsl_cpu.o
                0x1ffc507c                CPU_Init
 .text.CPU_RunModeSet
                0x1ffc5154      0x500 ././build/mx95evk/fsl_cpu.o
                0x1ffc5154                CPU_RunModeSet
 .text.CPU_PerLpiProcess
                0x1ffc5654       0x98 ././build/mx95evk/fsl_cpu.o
                0x1ffc5654                CPU_PerLpiProcess
 .text.CPU_MixPowerUpNotify
                0x1ffc56ec       0x80 ././build/mx95evk/fsl_cpu.o
                0x1ffc56ec                CPU_MixPowerUpNotify
 .text.CPU_MixPowerDownNotify
                0x1ffc576c       0x5c ././build/mx95evk/fsl_cpu.o
                0x1ffc576c                CPU_MixPowerDownNotify
 .text.CPU_ResetVectorSet
                0x1ffc57c8       0x60 ././build/mx95evk/fsl_cpu.o
                0x1ffc57c8                CPU_ResetVectorSet
 .text.CPU_ResetVectorGet
                0x1ffc5828       0x84 ././build/mx95evk/fsl_cpu.o
                0x1ffc5828                CPU_ResetVectorGet
 .text.BBNSM_RTC_Init
                0x1ffc58ac       0x4c ././build/mx95evk/fsl_bbnsm.o
                0x1ffc58ac                BBNSM_RTC_Init
 .text.BBNSM_RTC_GetDefaultConfig
                0x1ffc58f8       0x30 ././build/mx95evk/fsl_bbnsm.o
                0x1ffc58f8                BBNSM_RTC_GetDefaultConfig
 .text.BBNSM_RTC_GetSeconds
                0x1ffc5928       0x20 ././build/mx95evk/fsl_bbnsm.o
                0x1ffc5928                BBNSM_RTC_GetSeconds
 .text.BBNSM_RTC_SetSeconds
                0x1ffc5948       0x34 ././build/mx95evk/fsl_bbnsm.o
                0x1ffc5948                BBNSM_RTC_SetSeconds
 .text.BBNSM_RTC_SetAlarm
                0x1ffc597c       0x58 ././build/mx95evk/fsl_bbnsm.o
                0x1ffc597c                BBNSM_RTC_SetAlarm
 .text.BBNSM_RTC_DisableAlarm
                0x1ffc59d4       0x10 ././build/mx95evk/fsl_bbnsm.o
                0x1ffc59d4                BBNSM_RTC_DisableAlarm
 .text.BBNSM_GetStatusFlags
                0x1ffc59e4        0x4 ././build/mx95evk/fsl_bbnsm.o
                0x1ffc59e4                BBNSM_GetStatusFlags
 .text.BBNSM_RTC_GetTicks
                0x1ffc59e8       0x14 ././build/mx95evk/fsl_bbnsm.o
                0x1ffc59e8                BBNSM_RTC_GetTicks
 .text.BBNSM_RTC_SetTicks
                0x1ffc59fc       0x30 ././build/mx95evk/fsl_bbnsm.o
                0x1ffc59fc                BBNSM_RTC_SetTicks
 .text.BBNSM_GprGetValue
                0x1ffc5a2c       0x14 ././build/mx95evk/fsl_bbnsm.o
                0x1ffc5a2c                BBNSM_GprGetValue
 .text.BBNSM_GprSetValue
                0x1ffc5a40       0x14 ././build/mx95evk/fsl_bbnsm.o
                0x1ffc5a40                BBNSM_GprSetValue
 .text.ELE_Call
                0x1ffc5a54      0x158 ././build/mx95evk/fsl_ele.o
 .text.ELE_Init
                0x1ffc5bac        0xc ././build/mx95evk/fsl_ele.o
                0x1ffc5bac                ELE_Init
 .text.ELE_RdcRelease
                0x1ffc5bb8      0x130 ././build/mx95evk/fsl_ele.o
                0x1ffc5bb8                ELE_RdcRelease
 .text.ELE_FwStatusGet
                0x1ffc5ce8       0x90 ././build/mx95evk/fsl_ele.o
                0x1ffc5ce8                ELE_FwStatusGet
 .text.ELE_RomIdGet
                0x1ffc5d78       0xb8 ././build/mx95evk/fsl_ele.o
                0x1ffc5d78                ELE_RomIdGet
 .text.ELE_FwVersionGet
                0x1ffc5e30       0xd4 ././build/mx95evk/fsl_ele.o
                0x1ffc5e30                ELE_FwVersionGet
 .text.ELE_EventGet
                0x1ffc5f04       0xb4 ././build/mx95evk/fsl_ele.o
                0x1ffc5f04                ELE_EventGet
 .text.ELE_InfoGet
                0x1ffc5fb8      0x11c ././build/mx95evk/fsl_ele.o
                0x1ffc5fb8                ELE_InfoGet
 .text.ELE_V2xInfoGet
                0x1ffc60d4      0x14c ././build/mx95evk/fsl_ele.o
                0x1ffc60d4                ELE_V2xInfoGet
 .text.ELE_V2xPing
                0x1ffc6220      0x128 ././build/mx95evk/fsl_ele.o
                0x1ffc6220                ELE_V2xPing
 .text.ELE_DebugDump
                0x1ffc6348       0x7c ././build/mx95evk/fsl_ele.o
                0x1ffc6348                ELE_DebugDump
 .text.ELE_EnableAuxRequest
                0x1ffc63c4      0x12c ././build/mx95evk/fsl_ele.o
                0x1ffc63c4                ELE_EnableAuxRequest
 .text.ELE_StartDvfsChange
                0x1ffc64f0      0x140 ././build/mx95evk/fsl_ele.o
                0x1ffc64f0                ELE_StartDvfsChange
 .text.ELE_StopDvfsChange
                0x1ffc6630      0x128 ././build/mx95evk/fsl_ele.o
                0x1ffc6630                ELE_StopDvfsChange
 .text.ELE_FuseRead
                0x1ffc6758      0x144 ././build/mx95evk/fsl_ele.o
                0x1ffc6758                ELE_FuseRead
 .text.ELE_FuseWrite
                0x1ffc689c      0x13c ././build/mx95evk/fsl_ele.o
                0x1ffc689c                ELE_FuseWrite
 .text.ELE_ErrNumber
                0x1ffc69d8        0xc ././build/mx95evk/fsl_ele.o
                0x1ffc69d8                ELE_ErrNumber
 .text.ELE_Abort
                0x1ffc69e4       0x10 ././build/mx95evk/fsl_ele.o
                0x1ffc69e4                ELE_Abort
 .text.ELE_IsAborted
                0x1ffc69f4        0xc ././build/mx95evk/fsl_ele.o
                0x1ffc69f4                ELE_IsAborted
 .text.FRACTPLL_GetEnable
                0x1ffc6a00       0x24 ././build/mx95evk/fsl_fract_pll.o
                0x1ffc6a00                FRACTPLL_GetEnable
 .text.FRACTPLL_SetEnable
                0x1ffc6a24       0x68 ././build/mx95evk/fsl_fract_pll.o
                0x1ffc6a24                FRACTPLL_SetEnable
 .text.FRACTPLL_SetBypass
                0x1ffc6a8c       0x34 ././build/mx95evk/fsl_fract_pll.o
                0x1ffc6a8c                FRACTPLL_SetBypass
 .text.FRACTPLL_GetRate
                0x1ffc6ac0       0x80 ././build/mx95evk/fsl_fract_pll.o
                0x1ffc6ac0                FRACTPLL_GetRate
 .text.FRACTPLL_UpdateRate
                0x1ffc6b40      0x214 ././build/mx95evk/fsl_fract_pll.o
                0x1ffc6b40                FRACTPLL_UpdateRate
 .text.FRACTPLL_SetRate
                0x1ffc6d54      0x1a0 ././build/mx95evk/fsl_fract_pll.o
                0x1ffc6d54                FRACTPLL_SetRate
 .text.FRACTPLL_GetDfsEnable
                0x1ffc6ef4       0x34 ././build/mx95evk/fsl_fract_pll.o
                0x1ffc6ef4                FRACTPLL_GetDfsEnable
 .text.FRACTPLL_SetDfsEnable
                0x1ffc6f28       0x44 ././build/mx95evk/fsl_fract_pll.o
                0x1ffc6f28                FRACTPLL_SetDfsEnable
 .text.FRACTPLL_GetDfsRate
                0x1ffc6f6c       0xd4 ././build/mx95evk/fsl_fract_pll.o
                0x1ffc6f6c                FRACTPLL_GetDfsRate
 .text.FRACTPLL_UpdateDfsRate
                0x1ffc7040       0x98 ././build/mx95evk/fsl_fract_pll.o
                0x1ffc7040                FRACTPLL_UpdateDfsRate
 .text.FRACTPLL_SetDfsRate
                0x1ffc70d8      0x150 ././build/mx95evk/fsl_fract_pll.o
                0x1ffc70d8                FRACTPLL_SetDfsRate
 .text.FRACTPLL_SetContext
                0x1ffc7228       0x44 ././build/mx95evk/fsl_fract_pll.o
                0x1ffc7228                FRACTPLL_SetContext
 .text.FRACTPLL_GetContext
                0x1ffc726c       0x44 ././build/mx95evk/fsl_fract_pll.o
                0x1ffc726c                FRACTPLL_GetContext
 .text.FRACTPLL_SetSscConfig
                0x1ffc72b0       0x28 ././build/mx95evk/fsl_fract_pll.o
                0x1ffc72b0                FRACTPLL_SetSscConfig
 .text.FRACTPLL_GetSscConfig
                0x1ffc72d8       0x30 ././build/mx95evk/fsl_fract_pll.o
                0x1ffc72d8                FRACTPLL_GetSscConfig
 .text.FRO_SetTrim
                0x1ffc7308       0x1c ././build/mx95evk/fsl_fro.o
                0x1ffc7308                FRO_SetTrim
 .text.FRO_GetRate
                0x1ffc7324       0x14 ././build/mx95evk/fsl_fro.o
                0x1ffc7324                FRO_GetRate
 .text.FRO_SetEnable
                0x1ffc7338      0x100 ././build/mx95evk/fsl_fro.o
                0x1ffc7338                FRO_SetEnable
 .text.LPI2C_GetCyclesForWidth.part.0
                0x1ffc7438       0x1c ././build/mx95evk/fsl_lpi2c.o
 .text.LPI2C_MasterGetDefaultConfig
                0x1ffc7454       0x2c ././build/mx95evk/fsl_lpi2c.o
                0x1ffc7454                LPI2C_MasterGetDefaultConfig
 .text.LPI2C_MasterSetBaudRate
                0x1ffc7480      0x41c ././build/mx95evk/fsl_lpi2c.o
                0x1ffc7480                LPI2C_MasterSetBaudRate
 .text.LPI2C_MasterInit
                0x1ffc789c      0x254 ././build/mx95evk/fsl_lpi2c.o
                0x1ffc789c                LPI2C_MasterInit
 .text.LPI2C_MasterReceive
                0x1ffc7af0      0x164 ././build/mx95evk/fsl_lpi2c.o
                0x1ffc7af0                LPI2C_MasterReceive
 .text.LPI2C_MasterSend
                0x1ffc7c54       0xd0 ././build/mx95evk/fsl_lpi2c.o
                0x1ffc7c54                LPI2C_MasterSend
 .text.LPI2C_MasterTransferBlocking
                0x1ffc7d24      0x2f4 ././build/mx95evk/fsl_lpi2c.o
                0x1ffc7d24                LPI2C_MasterTransferBlocking
 .text.LPUART_Init
                0x1ffc8018      0x24c ././build/mx95evk/fsl_lpuart.o
                0x1ffc8018                LPUART_Init
 .text.LPUART_GetDefaultConfig
                0x1ffc8264       0x3c ././build/mx95evk/fsl_lpuart.o
                0x1ffc8264                LPUART_GetDefaultConfig
 .text.LPUART_EnableInterrupts
                0x1ffc82a0       0x34 ././build/mx95evk/fsl_lpuart.o
                0x1ffc82a0                LPUART_EnableInterrupts
 .text.LPUART_DisableInterrupts
                0x1ffc82d4       0x38 ././build/mx95evk/fsl_lpuart.o
                0x1ffc82d4                LPUART_DisableInterrupts
 .text.LPUART_GetStatusFlags
                0x1ffc830c       0x18 ././build/mx95evk/fsl_lpuart.o
                0x1ffc830c                LPUART_GetStatusFlags
 .text.LPUART_ClearStatusFlags
                0x1ffc8324       0x48 ././build/mx95evk/fsl_lpuart.o
                0x1ffc8324                LPUART_ClearStatusFlags
 .text.LPUART_WriteBlocking
                0x1ffc836c       0x3c ././build/mx95evk/fsl_lpuart.o
                0x1ffc836c                LPUART_WriteBlocking
 .text.LPUART_ReadBlocking
                0x1ffc83a8      0x10c ././build/mx95evk/fsl_lpuart.o
                0x1ffc83a8                LPUART_ReadBlocking
 .text.MU_Init  0x1ffc84b4        0x4 ././build/mx95evk/fsl_mu.o
                0x1ffc84b4                MU_Init
 .text.MU_SendMsg
                0x1ffc84b8       0x38 ././build/mx95evk/fsl_mu.o
                0x1ffc84b8                MU_SendMsg
 .text.MU_ReceiveMsg
                0x1ffc84f0       0x34 ././build/mx95evk/fsl_mu.o
                0x1ffc84f0                MU_ReceiveMsg
 .text.MU_GetStatusFlags
                0x1ffc8524       0x24 ././build/mx95evk/fsl_mu.o
                0x1ffc8524                MU_GetStatusFlags
 .text.MU_TriggerInterrupts
                0x1ffc8548       0x14 ././build/mx95evk/fsl_mu.o
                0x1ffc8548                MU_TriggerInterrupts
 .text.RGPIO_PinInit
                0x1ffc855c       0x44 ././build/mx95evk/fsl_rgpio.o
                0x1ffc855c                RGPIO_PinInit
 .text.PWR_Init
                0x1ffc85a0       0x88 ././build/mx95evk/fsl_power.o
                0x1ffc85a0                PWR_Init
 .text.PWR_IsParentPowered
                0x1ffc8628       0x10 ././build/mx95evk/fsl_power.o
                0x1ffc8628                PWR_IsParentPowered
 .text.PWR_AnyChildPowered
                0x1ffc8638       0x30 ././build/mx95evk/fsl_power.o
                0x1ffc8638                PWR_AnyChildPowered
 .text.PWR_NumChildPowered
                0x1ffc8668       0x24 ././build/mx95evk/fsl_power.o
                0x1ffc8668                PWR_NumChildPowered
 .text.PWR_LpHandshakeMaskSet
                0x1ffc868c       0x74 ././build/mx95evk/fsl_power.o
                0x1ffc868c                PWR_LpHandshakeMaskSet
 .text.PWR_LpHandshakeModeGet
                0x1ffc8700       0x28 ././build/mx95evk/fsl_power.o
                0x1ffc8700                PWR_LpHandshakeModeGet
 .text.PWR_LpHandshakeAck
                0x1ffc8728       0x1c ././build/mx95evk/fsl_power.o
                0x1ffc8728                PWR_LpHandshakeAck
 .text.PWR_MixSsiBlockingSet
                0x1ffc8744       0x44 ././build/mx95evk/fsl_power.o
                0x1ffc8744                PWR_MixSsiBlockingSet
 .text.PWR_MixSsiBlockingUpdate
                0x1ffc8788       0x30 ././build/mx95evk/fsl_power.o
                0x1ffc8788                PWR_MixSsiBlockingUpdate
 .text.RST_SystemGetResetReason
                0x1ffc87b8       0x18 ././build/mx95evk/fsl_reset.o
                0x1ffc87b8                RST_SystemGetResetReason
 .text.RST_SystemClearResetReason
                0x1ffc87d0       0x18 ././build/mx95evk/fsl_reset.o
                0x1ffc87d0                RST_SystemClearResetReason
 .text.RST_ResetLineRestricted
                0x1ffc87e8       0x1c ././build/mx95evk/fsl_reset.o
                0x1ffc87e8                RST_ResetLineRestricted
 .text.RST_SystemRequestReset
                0x1ffc8804       0x24 ././build/mx95evk/fsl_reset.o
                0x1ffc8804                RST_SystemRequestReset
 .text.SRC_MixInit
                0x1ffc8828       0x9c ././build/mx95evk/fsl_src.o
                0x1ffc8828                SRC_MixInit
 .text.SRC_MixCpuLpmSet
                0x1ffc88c4       0x78 ././build/mx95evk/fsl_src.o
                0x1ffc88c4                SRC_MixCpuLpmSet
 .text.SRC_MixCpuLpmGet
                0x1ffc893c       0x5c ././build/mx95evk/fsl_src.o
                0x1ffc893c                SRC_MixCpuLpmGet
 .text.SRC_MemRetentionModeSet
                0x1ffc8998       0x60 ././build/mx95evk/fsl_src.o
                0x1ffc8998                SRC_MemRetentionModeSet
 .text.SRC_MemMaskGet
                0x1ffc89f8       0x20 ././build/mx95evk/fsl_src.o
                0x1ffc89f8                SRC_MemMaskGet
 .text.SRC_MixSoftPowerDown
                0x1ffc8a18      0x198 ././build/mx95evk/fsl_src.o
                0x1ffc8a18                SRC_MixSoftPowerDown
 .text.SRC_MixSoftPowerUp
                0x1ffc8bb0       0xec ././build/mx95evk/fsl_src.o
                0x1ffc8bb0                SRC_MixSoftPowerUp
 .text.SRC_MixIsPwrSwitchOn
                0x1ffc8c9c       0x2c ././build/mx95evk/fsl_src.o
                0x1ffc8c9c                SRC_MixIsPwrSwitchOn
 .text.SRC_MixIsPwrReady
                0x1ffc8cc8       0x40 ././build/mx95evk/fsl_src.o
                0x1ffc8cc8                SRC_MixIsPwrReady
 .text.SRC_MixRstExit
                0x1ffc8d08       0xbc ././build/mx95evk/fsl_src.o
                0x1ffc8d08                SRC_MixRstExit
 .text.SRC_MixSetResetLine
                0x1ffc8dc4       0x64 ././build/mx95evk/fsl_src.o
                0x1ffc8dc4                SRC_MixSetResetLine
 .text.SRC_MixGetResetLine
                0x1ffc8e28       0x38 ././build/mx95evk/fsl_src.o
                0x1ffc8e28                SRC_MixGetResetLine
 .text.SYSCTR_Init
                0x1ffc8e60        0xc ././build/mx95evk/fsl_sysctr.o
                0x1ffc8e60                SYSCTR_Init
 .text.SYSCTR_GetUsec64
                0x1ffc8e6c       0x50 ././build/mx95evk/fsl_sysctr.o
                0x1ffc8e6c                SYSCTR_GetUsec64
 .text.SYSCTR_FreqMode
                0x1ffc8ebc       0x3c ././build/mx95evk/fsl_sysctr.o
                0x1ffc8ebc                SYSCTR_FreqMode
 .text.SYSTICK_Init
                0x1ffc8ef8       0x50 ././build/mx95evk/fsl_systick.o
                0x1ffc8ef8                SYSTICK_Init
 .text.SYSTICK_TimeDelay
                0x1ffc8f48       0xa0 ././build/mx95evk/fsl_systick.o
                0x1ffc8f48                SYSTICK_TimeDelay
 .text.TMPSNS_Init
                0x1ffc8fe8       0x90 ././build/mx95evk/fsl_tmpsns.o
                0x1ffc8fe8                TMPSNS_Init
 .text.TMPSNS_InitNs
                0x1ffc9078       0x10 ././build/mx95evk/fsl_tmpsns.o
                0x1ffc9078                TMPSNS_InitNs
 .text.TMPSNS_Deinit
                0x1ffc9088       0x14 ././build/mx95evk/fsl_tmpsns.o
                0x1ffc9088                TMPSNS_Deinit
 .text.TMPSNS_Enable
                0x1ffc909c       0x14 ././build/mx95evk/fsl_tmpsns.o
                0x1ffc909c                TMPSNS_Enable
 .text.TMPSNS_GetDefaultConfig
                0x1ffc90b0       0x34 ././build/mx95evk/fsl_tmpsns.o
                0x1ffc90b0                TMPSNS_GetDefaultConfig
 .text.TMPSNS_Enabled
                0x1ffc90e4        0x8 ././build/mx95evk/fsl_tmpsns.o
                0x1ffc90e4                TMPSNS_Enabled
 .text.TMPSNS_GetStatusFlags
                0x1ffc90ec        0x4 ././build/mx95evk/fsl_tmpsns.o
                0x1ffc90ec                TMPSNS_GetStatusFlags
 .text.TMPSNS_ClearStatusFlags
                0x1ffc90f0        0x4 ././build/mx95evk/fsl_tmpsns.o
                0x1ffc90f0                TMPSNS_ClearStatusFlags
 .text.TMPSNS_GetFilterBusy
                0x1ffc90f4        0x8 ././build/mx95evk/fsl_tmpsns.o
                0x1ffc90f4                TMPSNS_GetFilterBusy
 .text.TMPSNS_EnableInterrupts
                0x1ffc90fc        0x4 ././build/mx95evk/fsl_tmpsns.o
                0x1ffc90fc                TMPSNS_EnableInterrupts
 .text.TMPSNS_DisableInterrupts
                0x1ffc9100        0x4 ././build/mx95evk/fsl_tmpsns.o
                0x1ffc9100                TMPSNS_DisableInterrupts
 .text.TMPSNS_GetDataNonBlocking
                0x1ffc9104        0x8 ././build/mx95evk/fsl_tmpsns.o
                0x1ffc9104                TMPSNS_GetDataNonBlocking
 .text.TMPSNS_SetThreshold
                0x1ffc910c       0x60 ././build/mx95evk/fsl_tmpsns.o
                0x1ffc910c                TMPSNS_SetThreshold
 .text.TMPSNS_GetThreshold
                0x1ffc916c       0x44 ././build/mx95evk/fsl_tmpsns.o
                0x1ffc916c                TMPSNS_GetThreshold
 .text.WDOG32_GetDefaultConfig
                0x1ffc91b0       0x44 ././build/mx95evk/fsl_wdog32.o
                0x1ffc91b0                WDOG32_GetDefaultConfig
 .text.WDOG32_Deinit
                0x1ffc91f4       0x18 ././build/mx95evk/fsl_wdog32.o
                0x1ffc91f4                WDOG32_Deinit
 .text.XCACHE_EnableCache
                0x1ffc920c       0x28 ././build/mx95evk/fsl_cache.o
                0x1ffc920c                XCACHE_EnableCache
 .text.XCACHE_DisableCache
                0x1ffc9234       0x28 ././build/mx95evk/fsl_cache.o
                0x1ffc9234                XCACHE_DisableCache
 .text.DDR_EnterRetention
                0x1ffc925c      0x248 ././build/mx95evk/fsl_ddr.o
                0x1ffc925c                DDR_EnterRetention
 .text.DDR_ExitRetention
                0x1ffc94a4      0x17c ././build/mx95evk/fsl_ddr.o
                0x1ffc94a4                DDR_ExitRetention
 .text.DDR_PhyAddrRemap
                0x1ffc9620        0x4 ././build/mx95evk/fsl_ddr.o
                0x1ffc9620                DDR_PhyAddrRemap
 .text.DDR_GetDRAMInfo
                0x1ffc9624       0xac ././build/mx95evk/fsl_ddr.o
                0x1ffc9624                DDR_GetDRAMInfo
 .text.CRC_Xor  0x1ffc96d0       0xdc ././build/mx95evk/crc.o
                0x1ffc96d0                CRC_Xor
 .text.CRC_J1850
                0x1ffc97ac       0xa0 ././build/mx95evk/crc.o
                0x1ffc97ac                CRC_J1850
 .text.CRC_Crc32
                0x1ffc984c       0x44 ././build/mx95evk/crc.o
                0x1ffc984c                CRC_Crc32
 .text.DDR_RxClkDelayInit
                0x1ffc9890      0x2ec ././build/mx95evk/fsl_ddr_rx_replica.o
                0x1ffc9890                DDR_RxClkDelayInit
 .text.DDR_RxReplicaWa
                0x1ffc9b7c      0x2c4 ././build/mx95evk/fsl_ddr_rx_replica.o
                0x1ffc9b7c                DDR_RxReplicaWa
 .text.DEV_SM_LmmInitGet
                0x1ffc9e40       0x10 ././build/mx95evk/dev_sm.o
                0x1ffc9e40                DEV_SM_LmmInitGet
 .text.DEV_SM_PowerUpPost
                0x1ffc9e50       0x70 ././build/mx95evk/dev_sm.o
                0x1ffc9e50                DEV_SM_PowerUpPost
 .text.DEV_SM_Init
                0x1ffc9ec0      0x118 ././build/mx95evk/dev_sm.o
                0x1ffc9ec0                DEV_SM_Init
 .text.DEV_SM_PowerUpAckComplete
                0x1ffc9fd8       0x68 ././build/mx95evk/dev_sm.o
                0x1ffc9fd8                DEV_SM_PowerUpAckComplete
 .text.DEV_SM_PowerDownPre
                0x1ffca040       0x5c ././build/mx95evk/dev_sm.o
                0x1ffca040                DEV_SM_PowerDownPre
 .text.DEV_SM_SiInfoGet
                0x1ffca09c      0x248 ././build/mx95evk/dev_sm_common.o
                0x1ffca09c                DEV_SM_SiInfoGet
 .text.DEV_SM_SyslogGet
                0x1ffca2e4       0x18 ././build/mx95evk/dev_sm_common.o
                0x1ffca2e4                DEV_SM_SyslogGet
 .text.DEV_SM_SyslogDump
                0x1ffca2fc       0x84 ././build/mx95evk/dev_sm_common.o
                0x1ffca2fc                DEV_SM_SyslogDump
 .text.DEV_SM_Usec64Get
                0x1ffca380        0x4 ././build/mx95evk/dev_sm_common.o
                0x1ffca380                DEV_SM_Usec64Get
 .text.DEV_SM_ErrorLog
                0x1ffca384       0x10 ././build/mx95evk/dev_sm_common.o
                0x1ffca384                DEV_SM_ErrorLog
 .text.DEV_SM_ErrorDump
                0x1ffca394       0x18 ././build/mx95evk/dev_sm_common.o
                0x1ffca394                DEV_SM_ErrorDump
 .text.DEV_SM_MaxStringGet
                0x1ffca3ac       0x64 ././build/mx95evk/dev_sm_common.o
                0x1ffca3ac                DEV_SM_MaxStringGet
 .text.DEV_SM_StrLen
                0x1ffca410       0x20 ././build/mx95evk/dev_sm_common.o
                0x1ffca410                DEV_SM_StrLen
 .text.NMI_Handler
                0x1ffca430       0x60 ././build/mx95evk/dev_sm_handlers.o
                0x1ffca430                NMI_Handler
 .text.HardFault_Handler
                0x1ffca490       0x54 ././build/mx95evk/dev_sm_handlers.o
                0x1ffca490                HardFault_Handler
 .text.MemManage_Handler
                0x1ffca4e4       0x5c ././build/mx95evk/dev_sm_handlers.o
                0x1ffca4e4                MemManage_Handler
 .text.BusFault_Handler
                0x1ffca540       0x5c ././build/mx95evk/dev_sm_handlers.o
                0x1ffca540                BusFault_Handler
 .text.UsageFault_Handler
                0x1ffca59c       0x54 ././build/mx95evk/dev_sm_handlers.o
                0x1ffca59c                UsageFault_Handler
 .text.SysTick_Handler
                0x1ffca5f0       0x40 ././build/mx95evk/dev_sm_handlers.o
                0x1ffca5f0                SysTick_Handler
 .text.WDOG1_IRQHandler
                0x1ffca630       0x48 ././build/mx95evk/dev_sm_handlers.o
                0x1ffca630                WDOG1_IRQHandler
 .text.WDOG2_IRQHandler
                0x1ffca678       0x48 ././build/mx95evk/dev_sm_handlers.o
                0x1ffca678                WDOG2_IRQHandler
 .text.BBNSM_IRQHandler
                0x1ffca6c0      0x118 ././build/mx95evk/dev_sm_handlers.o
                0x1ffca6c0                BBNSM_IRQHandler
 .text.WDOG3_IRQHandler
                0x1ffca7d8      0x170 ././build/mx95evk/dev_sm_handlers.o
                0x1ffca7d8                WDOG3_IRQHandler
 .text.WDOG4_IRQHandler
                0x1ffca948      0x170 ././build/mx95evk/dev_sm_handlers.o
                0x1ffca948                WDOG4_IRQHandler
 .text.WDOG5_IRQHandler
                0x1ffcaab8      0x170 ././build/mx95evk/dev_sm_handlers.o
                0x1ffcaab8                WDOG5_IRQHandler
 .text.TMPSNS_ANA_1_IRQHandler
                0x1ffcac28      0x120 ././build/mx95evk/dev_sm_handlers.o
                0x1ffcac28                TMPSNS_ANA_1_IRQHandler
 .text.TMPSNS_ANA_2_IRQHandler
                0x1ffcad48      0x120 ././build/mx95evk/dev_sm_handlers.o
                0x1ffcad48                TMPSNS_ANA_2_IRQHandler
 .text.TMPSNS_CORTEXA_1_IRQHandler
                0x1ffcae68      0x130 ././build/mx95evk/dev_sm_handlers.o
                0x1ffcae68                TMPSNS_CORTEXA_1_IRQHandler
 .text.TMPSNS_CORTEXA_2_IRQHandler
                0x1ffcaf98      0x138 ././build/mx95evk/dev_sm_handlers.o
                0x1ffcaf98                TMPSNS_CORTEXA_2_IRQHandler
 .text.Reserved110_IRQHandler
                0x1ffcb0d0      0x124 ././build/mx95evk/dev_sm_handlers.o
                0x1ffcb0d0                Reserved110_IRQHandler
 .text.ELE_Group1_IRQHandler
                0x1ffcb1f4       0x5c ././build/mx95evk/dev_sm_handlers.o
                0x1ffcb1f4                ELE_Group1_IRQHandler
 .text.ELE_Group2_IRQHandler
                0x1ffcb250       0x5c ././build/mx95evk/dev_sm_handlers.o
                0x1ffcb250                ELE_Group2_IRQHandler
 .text.ELE_Group3_IRQHandler
                0x1ffcb2ac       0x5c ././build/mx95evk/dev_sm_handlers.o
                0x1ffcb2ac                ELE_Group3_IRQHandler
 .text.CM7_SYSRESETREQ_IRQHandler
                0x1ffcb308      0x178 ././build/mx95evk/dev_sm_handlers.o
                0x1ffcb308                CM7_SYSRESETREQ_IRQHandler
 .text.CM7_LOCKUP_IRQHandler
                0x1ffcb480      0x178 ././build/mx95evk/dev_sm_handlers.o
                0x1ffcb480                CM7_LOCKUP_IRQHandler
 .text.MU1_A_IRQHandler
                0x1ffcb5f8        0x4 ././build/mx95evk/dev_sm_handlers.o
                0x1ffcb5f8                MU1_A_IRQHandler
 .text.MU1_B_IRQHandler
                0x1ffcb5fc      0x128 ././build/mx95evk/dev_sm_handlers.o
                0x1ffcb5fc                MU1_B_IRQHandler
 .text.MU2_A_IRQHandler
                0x1ffcb724        0x4 ././build/mx95evk/dev_sm_handlers.o
                0x1ffcb724                MU2_A_IRQHandler
 .text.MU2_B_IRQHandler
                0x1ffcb728      0x128 ././build/mx95evk/dev_sm_handlers.o
                0x1ffcb728                MU2_B_IRQHandler
 .text.MU3_A_IRQHandler
                0x1ffcb850        0x4 ././build/mx95evk/dev_sm_handlers.o
                0x1ffcb850                MU3_A_IRQHandler
 .text.MU3_B_IRQHandler
                0x1ffcb854      0x128 ././build/mx95evk/dev_sm_handlers.o
                0x1ffcb854                MU3_B_IRQHandler
 .text.MU4_A_IRQHandler
                0x1ffcb97c        0x4 ././build/mx95evk/dev_sm_handlers.o
                0x1ffcb97c                MU4_A_IRQHandler
 .text.MU4_B_IRQHandler
                0x1ffcb980      0x128 ././build/mx95evk/dev_sm_handlers.o
                0x1ffcb980                MU4_B_IRQHandler
 .text.MU5_A_IRQHandler
                0x1ffcbaa8        0x4 ././build/mx95evk/dev_sm_handlers.o
                0x1ffcbaa8                MU5_A_IRQHandler
 .text.MU5_B_IRQHandler
                0x1ffcbaac      0x128 ././build/mx95evk/dev_sm_handlers.o
                0x1ffcbaac                MU5_B_IRQHandler
 .text.MU6_A_IRQHandler
                0x1ffcbbd4        0x4 ././build/mx95evk/dev_sm_handlers.o
                0x1ffcbbd4                MU6_A_IRQHandler
 .text.MU6_B_IRQHandler
                0x1ffcbbd8      0x128 ././build/mx95evk/dev_sm_handlers.o
                0x1ffcbbd8                MU6_B_IRQHandler
 .text.FCCU_INT0_IRQHandler
                0x1ffcbd00        0x4 ././build/mx95evk/dev_sm_handlers.o
                0x1ffcbd00                FCCU_INT0_IRQHandler
 .text.GPC_SM_REQ_IRQHandler
                0x1ffcbd04       0x40 ././build/mx95evk/dev_sm_handlers.o
                0x1ffcbd04                GPC_SM_REQ_IRQHandler
 .text.SWI_Trigger
                0x1ffcbd44       0x10 ././build/mx95evk/dev_sm_handlers.o
                0x1ffcbd44                SWI_Trigger
 .text.DEV_SM_SysTickEnable
                0x1ffcbd54        0xc ././build/mx95evk/dev_sm_handlers.o
                0x1ffcbd54                DEV_SM_SysTickEnable
 .text.DEV_SM_IrqPrioBaseSet
                0x1ffcbd60       0x70 ././build/mx95evk/dev_sm_handlers.o
                0x1ffcbd60                DEV_SM_IrqPrioBaseSet
 .text.DEV_SM_IrqPrioUpdate
                0x1ffcbdd0      0x158 ././build/mx95evk/dev_sm_handlers.o
                0x1ffcbdd0                DEV_SM_IrqPrioUpdate
 .text.DEV_SM_CameraConfigLoad
                0x1ffcbf28       0x5c ././build/mx95evk/dev_sm_config.o
                0x1ffcbf28                DEV_SM_CameraConfigLoad
 .text.DEV_SM_A55pConfigLoad
                0x1ffcbf84       0x74 ././build/mx95evk/dev_sm_config.o
                0x1ffcbf84                DEV_SM_A55pConfigLoad
 .text.DEV_SM_DdrConfigLoad
                0x1ffcbff8       0x38 ././build/mx95evk/dev_sm_config.o
                0x1ffcbff8                DEV_SM_DdrConfigLoad
 .text.DEV_SM_DisplayConfigLoad
                0x1ffcc030       0x44 ././build/mx95evk/dev_sm_config.o
                0x1ffcc030                DEV_SM_DisplayConfigLoad
 .text.DEV_SM_GpuConfigLoad
                0x1ffcc074       0x30 ././build/mx95evk/dev_sm_config.o
                0x1ffcc074                DEV_SM_GpuConfigLoad
 .text.DEV_SM_HsioTopConfigLoad
                0x1ffcc0a4       0x44 ././build/mx95evk/dev_sm_config.o
                0x1ffcc0a4                DEV_SM_HsioTopConfigLoad
 .text.DEV_SM_HsioWaonConfigLoad
                0x1ffcc0e8        0xc ././build/mx95evk/dev_sm_config.o
                0x1ffcc0e8                DEV_SM_HsioWaonConfigLoad
 .text.DEV_SM_M7ConfigLoad
                0x1ffcc0f4       0x1c ././build/mx95evk/dev_sm_config.o
                0x1ffcc0f4                DEV_SM_M7ConfigLoad
 .text.DEV_SM_NetcConfigLoad
                0x1ffcc110       0x1c ././build/mx95evk/dev_sm_config.o
                0x1ffcc110                DEV_SM_NetcConfigLoad
 .text.DEV_SM_NocConfigLoad
                0x1ffcc12c       0xa4 ././build/mx95evk/dev_sm_config.o
                0x1ffcc12c                DEV_SM_NocConfigLoad
 .text.DEV_SM_NpuConfigLoad
                0x1ffcc1d0        0xc ././build/mx95evk/dev_sm_config.o
                0x1ffcc1d0                DEV_SM_NpuConfigLoad
 .text.DEV_SM_VpuConfigLoad
                0x1ffcc1dc       0x1c ././build/mx95evk/dev_sm_config.o
                0x1ffcc1dc                DEV_SM_VpuConfigLoad
 .text.DEV_SM_WkupConfigLoad
                0x1ffcc1f8       0x78 ././build/mx95evk/dev_sm_config.o
                0x1ffcc1f8                DEV_SM_WkupConfigLoad
 .text.DEV_SM_AnaConfigLoad
                0x1ffcc270        0xc ././build/mx95evk/dev_sm_config.o
                0x1ffcc270                DEV_SM_AnaConfigLoad
 .text.DEV_SM_AonConfigLoad
                0x1ffcc27c       0x34 ././build/mx95evk/dev_sm_config.o
                0x1ffcc27c                DEV_SM_AonConfigLoad
 .text.DEV_SM_BbsmConfigLoad
                0x1ffcc2b0        0xc ././build/mx95evk/dev_sm_config.o
                0x1ffcc2b0                DEV_SM_BbsmConfigLoad
 .text.DEV_SM_CcmsrcgpcConfigLoad
                0x1ffcc2bc        0xc ././build/mx95evk/dev_sm_config.o
                0x1ffcc2bc                DEV_SM_CcmsrcgpcConfigLoad
 .text.DEV_SM_A55pPowerDownPre
                0x1ffcc2c8       0x9c ././build/mx95evk/dev_sm_config.o
                0x1ffcc2c8                DEV_SM_A55pPowerDownPre
 .text.DEV_SM_DdrPowerDownPre
                0x1ffcc364       0x24 ././build/mx95evk/dev_sm_config.o
                0x1ffcc364                DEV_SM_DdrPowerDownPre
 .text.DEV_SM_DisplayPowerDownPre
                0x1ffcc388       0x24 ././build/mx95evk/dev_sm_config.o
                0x1ffcc388                DEV_SM_DisplayPowerDownPre
 .text.DEV_SM_HsioTopPowerDownPre
                0x1ffcc3ac       0x24 ././build/mx95evk/dev_sm_config.o
                0x1ffcc3ac                DEV_SM_HsioTopPowerDownPre
 .text.DEV_SM_M7PowerDownPre
                0x1ffcc3d0       0x28 ././build/mx95evk/dev_sm_config.o
                0x1ffcc3d0                DEV_SM_M7PowerDownPre
 .text.DEV_SM_NocPowerDownPre
                0x1ffcc3f8       0x58 ././build/mx95evk/dev_sm_config.o
                0x1ffcc3f8                DEV_SM_NocPowerDownPre
 .text.DEV_SM_PowerInit
                0x1ffcc450       0x2c ././build/mx95evk/dev_sm_power.o
                0x1ffcc450                DEV_SM_PowerInit
 .text.DEV_SM_PowerDomainNameGet
                0x1ffcc47c       0x38 ././build/mx95evk/dev_sm_power.o
                0x1ffcc47c                DEV_SM_PowerDomainNameGet
 .text.DEV_SM_PowerStateNameGet
                0x1ffcc4b4       0x34 ././build/mx95evk/dev_sm_power.o
                0x1ffcc4b4                DEV_SM_PowerStateNameGet
 .text.DEV_SM_PowerStateSet
                0x1ffcc4e8       0x7c ././build/mx95evk/dev_sm_power.o
                0x1ffcc4e8                DEV_SM_PowerStateSet
 .text.DEV_SM_PowerStateGet
                0x1ffcc564       0x28 ././build/mx95evk/dev_sm_power.o
                0x1ffcc564                DEV_SM_PowerStateGet
 .text.DEV_SM_PowerRetModeSet
                0x1ffcc58c       0x34 ././build/mx95evk/dev_sm_power.o
                0x1ffcc58c                DEV_SM_PowerRetModeSet
 .text.DEV_SM_PowerRetMaskGet
                0x1ffcc5c0       0x2c ././build/mx95evk/dev_sm_power.o
                0x1ffcc5c0                DEV_SM_PowerRetMaskGet
 .text.DEV_SM_PdIsReserved
                0x1ffcc5ec        0x4 ././build/mx95evk/dev_sm_power.o
                0x1ffcc5ec                DEV_SM_PdIsReserved
 .text.DEV_SM_SystemInit
                0x1ffcc5f0       0xc4 ././build/mx95evk/dev_sm_system.o
                0x1ffcc5f0                DEV_SM_SystemInit
 .text.DEV_SM_SystemSleepModeSet
                0x1ffcc6b4       0x14 ././build/mx95evk/dev_sm_system.o
                0x1ffcc6b4                DEV_SM_SystemSleepModeSet
 .text.DEV_SM_SystemReset
                0x1ffcc6c8       0x1c ././build/mx95evk/dev_sm_system.o
                0x1ffcc6c8                DEV_SM_SystemReset
 .text.DEV_SM_SystemStageReset
                0x1ffcc6e4       0x40 ././build/mx95evk/dev_sm_system.o
                0x1ffcc6e4                DEV_SM_SystemStageReset
 .text.DEV_SM_SystemShutdown
                0x1ffcc724       0x34 ././build/mx95evk/dev_sm_system.o
                0x1ffcc724                DEV_SM_SystemShutdown
 .text.DEV_SM_SystemShutdownRecSet
                0x1ffcc758       0x44 ././build/mx95evk/dev_sm_system.o
                0x1ffcc758                DEV_SM_SystemShutdownRecSet
 .text.DEV_SM_SystemShutdownRecGet
                0x1ffcc79c       0x24 ././build/mx95evk/dev_sm_system.o
                0x1ffcc79c                DEV_SM_SystemShutdownRecGet
 .text.DEV_SM_SystemReasonNameGet
                0x1ffcc7c0       0x34 ././build/mx95evk/dev_sm_system.o
                0x1ffcc7c0                DEV_SM_SystemReasonNameGet
 .text.DEV_SM_SystemPostBoot
                0x1ffcc7f4       0x34 ././build/mx95evk/dev_sm_system.o
                0x1ffcc7f4                DEV_SM_SystemPostBoot
 .text.DEV_SM_SystemRstComp
                0x1ffcc828       0x18 ././build/mx95evk/dev_sm_system.o
                0x1ffcc828                DEV_SM_SystemRstComp
 .text.DEV_SM_SystemSleep
                0x1ffcc840      0x828 ././build/mx95evk/dev_sm_system.o
                0x1ffcc840                DEV_SM_SystemSleep
 .text.DEV_SM_SystemIdle
                0x1ffcd068       0x44 ././build/mx95evk/dev_sm_system.o
                0x1ffcd068                DEV_SM_SystemIdle
 .text.DEV_SM_SystemTick
                0x1ffcd0ac       0x14 ././build/mx95evk/dev_sm_system.o
                0x1ffcd0ac                DEV_SM_SystemTick
 .text.DEV_SM_MemInit
                0x1ffcd0c0       0x70 ././build/mx95evk/dev_sm_mem.o
                0x1ffcd0c0                DEV_SM_MemInit
 .text.DEV_SM_MemDdrInfoGet
                0x1ffcd130       0x54 ././build/mx95evk/dev_sm_mem.o
                0x1ffcd130                DEV_SM_MemDdrInfoGet
 .text.DEV_SM_MemDdrRetentionEnter
                0x1ffcd184       0x98 ././build/mx95evk/dev_sm_mem.o
                0x1ffcd184                DEV_SM_MemDdrRetentionEnter
 .text.DEV_SM_MemDdrRetentionExit
                0x1ffcd21c       0xf4 ././build/mx95evk/dev_sm_mem.o
                0x1ffcd21c                DEV_SM_MemDdrRetentionExit
 .text.DEV_SM_MemTick
                0x1ffcd310       0x24 ././build/mx95evk/dev_sm_mem.o
                0x1ffcd310                DEV_SM_MemTick
 .text.DEV_SM_PerfRootFreqUpdate
                0x1ffcd334       0x68 ././build/mx95evk/dev_sm_perf.o
 .text.DEV_SM_PerfBusFreqSet.part.0
                0x1ffcd39c      0x190 ././build/mx95evk/dev_sm_perf.o
 .text.DEV_SM_PerfFreqUpdate
                0x1ffcd52c      0x2cc ././build/mx95evk/dev_sm_perf.o
 .text.DEV_SM_PerfInit
                0x1ffcd7f8      0x4ac ././build/mx95evk/dev_sm_perf.o
                0x1ffcd7f8                DEV_SM_PerfInit
 .text.DEV_SM_PerfNameGet
                0x1ffcdca4       0x60 ././build/mx95evk/dev_sm_perf.o
                0x1ffcdca4                DEV_SM_PerfNameGet
 .text.DEV_SM_PerfInfoGet
                0x1ffcdd04       0x80 ././build/mx95evk/dev_sm_perf.o
                0x1ffcdd04                DEV_SM_PerfInfoGet
 .text.DEV_SM_PerfNumLevelsGet
                0x1ffcdd84       0x5c ././build/mx95evk/dev_sm_perf.o
                0x1ffcdd84                DEV_SM_PerfNumLevelsGet
 .text.DEV_SM_PerfDescribe
                0x1ffcdde0       0x7c ././build/mx95evk/dev_sm_perf.o
                0x1ffcdde0                DEV_SM_PerfDescribe
 .text.DEV_SM_PerfLevelSet
                0x1ffcde5c      0x3a8 ././build/mx95evk/dev_sm_perf.o
                0x1ffcde5c                DEV_SM_PerfLevelSet
 .text.DEV_SM_PerfLevelGet
                0x1ffce204       0x4c ././build/mx95evk/dev_sm_perf.o
                0x1ffce204                DEV_SM_PerfLevelGet
 .text.DEV_SM_PerfFreqSet
                0x1ffce250        0x4 ././build/mx95evk/dev_sm_perf.o
                0x1ffce250                DEV_SM_PerfFreqSet
 .text.DEV_SM_PerfSystemSleep
                0x1ffce254      0x328 ././build/mx95evk/dev_sm_perf.o
                0x1ffce254                DEV_SM_PerfSystemSleep
 .text.DEV_SM_PerfSystemWake
                0x1ffce57c      0x1c4 ././build/mx95evk/dev_sm_perf.o
                0x1ffce57c                DEV_SM_PerfSystemWake
 .text.DEV_SM_ClockNameGet
                0x1ffce740       0xd8 ././build/mx95evk/dev_sm_clock.o
                0x1ffce740                DEV_SM_ClockNameGet
 .text.DEV_SM_ClockDescribe
                0x1ffce818       0xe4 ././build/mx95evk/dev_sm_clock.o
                0x1ffce818                DEV_SM_ClockDescribe
 .text.DEV_SM_ClockParentDescribe
                0x1ffce8fc      0x198 ././build/mx95evk/dev_sm_clock.o
                0x1ffce8fc                DEV_SM_ClockParentDescribe
 .text.DEV_SM_ClockRateSet
                0x1ffcea94      0x304 ././build/mx95evk/dev_sm_clock.o
                0x1ffcea94                DEV_SM_ClockRateSet
 .text.DEV_SM_ClockRateGet
                0x1ffced98      0x134 ././build/mx95evk/dev_sm_clock.o
                0x1ffced98                DEV_SM_ClockRateGet
 .text.DEV_SM_ClockEnable
                0x1ffceecc      0x154 ././build/mx95evk/dev_sm_clock.o
                0x1ffceecc                DEV_SM_ClockEnable
 .text.DEV_SM_ClockIsEnabled
                0x1ffcf020      0x12c ././build/mx95evk/dev_sm_clock.o
                0x1ffcf020                DEV_SM_ClockIsEnabled
 .text.DEV_SM_ClockParentSet
                0x1ffcf14c      0x158 ././build/mx95evk/dev_sm_clock.o
                0x1ffcf14c                DEV_SM_ClockParentSet
 .text.DEV_SM_ClockParentGet
                0x1ffcf2a4      0x150 ././build/mx95evk/dev_sm_clock.o
                0x1ffcf2a4                DEV_SM_ClockParentGet
 .text.DEV_SM_ClockExtendedInfo
                0x1ffcf3f4      0x110 ././build/mx95evk/dev_sm_clock.o
                0x1ffcf3f4                DEV_SM_ClockExtendedInfo
 .text.DEV_SM_ClockExtendedSet
                0x1ffcf504       0xf0 ././build/mx95evk/dev_sm_clock.o
                0x1ffcf504                DEV_SM_ClockExtendedSet
 .text.DEV_SM_ClockExtendedGet
                0x1ffcf5f4      0x120 ././build/mx95evk/dev_sm_clock.o
                0x1ffcf5f4                DEV_SM_ClockExtendedGet
 .text.DEV_SM_SensorInit
                0x1ffcf714      0x19c ././build/mx95evk/dev_sm_sensor.o
                0x1ffcf714                DEV_SM_SensorInit
 .text.DEV_SM_SensorConfigStart
                0x1ffcf8b0      0x248 ././build/mx95evk/dev_sm_sensor.o
                0x1ffcf8b0                DEV_SM_SensorConfigStart
 .text.DEV_SM_SensorPowerUp
                0x1ffcfaf8       0x3c ././build/mx95evk/dev_sm_sensor.o
                0x1ffcfaf8                DEV_SM_SensorPowerUp
 .text.DEV_SM_SensorPowerDown
                0x1ffcfb34       0xb4 ././build/mx95evk/dev_sm_sensor.o
                0x1ffcfb34                DEV_SM_SensorPowerDown
 .text.DEV_SM_SensorNameGet
                0x1ffcfbe8       0x44 ././build/mx95evk/dev_sm_sensor.o
                0x1ffcfbe8                DEV_SM_SensorNameGet
 .text.DEV_SM_SensorDescribe
                0x1ffcfc2c       0x3c ././build/mx95evk/dev_sm_sensor.o
                0x1ffcfc2c                DEV_SM_SensorDescribe
 .text.DEV_SM_SensorReadingGet
                0x1ffcfc68       0xd0 ././build/mx95evk/dev_sm_sensor.o
                0x1ffcfc68                DEV_SM_SensorReadingGet
 .text.DEV_SM_SensorTripPointSet
                0x1ffcfd38      0x180 ././build/mx95evk/dev_sm_sensor.o
                0x1ffcfd38                DEV_SM_SensorTripPointSet
 .text.DEV_SM_SensorEnable
                0x1ffcfeb8       0x44 ././build/mx95evk/dev_sm_sensor.o
                0x1ffcfeb8                DEV_SM_SensorEnable
 .text.DEV_SM_SensorIsEnabled
                0x1ffcfefc       0x44 ././build/mx95evk/dev_sm_sensor.o
                0x1ffcfefc                DEV_SM_SensorIsEnabled
 .text.DEV_SM_SensorHandler
                0x1ffcff40       0x50 ././build/mx95evk/dev_sm_sensor.o